Archive member included to satisfy reference by file (symbol)

C:/Users/nateb/SimplicityStudio/SDKs/gecko_sdk//util/third_party/cmsis_dsp/libs/GCC/cortex-m33/libCMSISDSPCommon.a(arm_const_structs.c.o)
                              ./app.o (arm_cfft_sR_f32_len1024)
C:/Users/nateb/SimplicityStudio/SDKs/gecko_sdk//util/third_party/cmsis_dsp/libs/GCC/cortex-m33/libCMSISDSPCommon.a(arm_common_tables.c.o)
                              C:/Users/nateb/SimplicityStudio/SDKs/gecko_sdk//util/third_party/cmsis_dsp/libs/GCC/cortex-m33/libCMSISDSPCommon.a(arm_const_structs.c.o) (realCoefBQ15)
C:/Users/nateb/SimplicityStudio/SDKs/gecko_sdk//util/third_party/cmsis_dsp/libs/GCC/cortex-m33/libCMSISDSPComplexMath.a(arm_cmplx_mag_f32.c.o)
                              ./app.o (arm_cmplx_mag_f32)
C:/Users/nateb/SimplicityStudio/SDKs/gecko_sdk//util/third_party/cmsis_dsp/libs/GCC/cortex-m33/libCMSISDSPTransform.a(arm_cfft_f32.c.o)
                              ./app.o (arm_cfft_f32)
C:/Users/nateb/SimplicityStudio/SDKs/gecko_sdk//util/third_party/cmsis_dsp/libs/GCC/cortex-m33/libCMSISDSPTransform.a(arm_bitreversal2.c.o)
                              C:/Users/nateb/SimplicityStudio/SDKs/gecko_sdk//util/third_party/cmsis_dsp/libs/GCC/cortex-m33/libCMSISDSPTransform.a(arm_cfft_f32.c.o) (arm_bitreversal_32)
C:/Users/nateb/SimplicityStudio/SDKs/gecko_sdk//util/third_party/cmsis_dsp/libs/GCC/cortex-m33/libCMSISDSPTransform.a(arm_cfft_radix8_f32.c.o)
                              C:/Users/nateb/SimplicityStudio/SDKs/gecko_sdk//util/third_party/cmsis_dsp/libs/GCC/cortex-m33/libCMSISDSPTransform.a(arm_cfft_f32.c.o) (arm_radix8_butterfly_f32)
c:/siliconlabs/simplicitystudio/v5/developer/toolchains/gnu_arm/10.3_2021.10/bin/../lib/gcc/arm-none-eabi/10.3.1/thumb/v8-m.main+fp/hard\libgcc.a(_arm_muldf3.o)
                              ./app.o (__aeabi_dmul)
c:/siliconlabs/simplicitystudio/v5/developer/toolchains/gnu_arm/10.3_2021.10/bin/../lib/gcc/arm-none-eabi/10.3.1/thumb/v8-m.main+fp/hard\libgcc.a(_arm_addsubdf3.o)
                              ./app.o (__aeabi_dsub)
c:/siliconlabs/simplicitystudio/v5/developer/toolchains/gnu_arm/10.3_2021.10/bin/../lib/gcc/arm-none-eabi/10.3.1/thumb/v8-m.main+fp/hard\libgcc.a(_arm_muldivdf3.o)
                              ./app.o (__aeabi_ddiv)
c:/siliconlabs/simplicitystudio/v5/developer/toolchains/gnu_arm/10.3_2021.10/bin/../lib/gcc/arm-none-eabi/10.3.1/thumb/v8-m.main+fp/hard\libgcc.a(_arm_cmpdf2.o)
                              ./gecko_sdk_4.3.2/util/third_party/printf/printf.o (__aeabi_dcmpeq)
c:/siliconlabs/simplicitystudio/v5/developer/toolchains/gnu_arm/10.3_2021.10/bin/../lib/gcc/arm-none-eabi/10.3.1/thumb/v8-m.main+fp/hard\libgcc.a(_arm_fixdfsi.o)
                              ./gecko_sdk_4.3.2/util/third_party/printf/printf.o (__aeabi_d2iz)
c:/siliconlabs/simplicitystudio/v5/developer/toolchains/gnu_arm/10.3_2021.10/bin/../lib/gcc/arm-none-eabi/10.3.1/thumb/v8-m.main+fp/hard\libgcc.a(_arm_fixunsdfsi.o)
                              ./gecko_sdk_4.3.2/util/third_party/printf/printf.o (__aeabi_d2uiz)
c:/siliconlabs/simplicitystudio/v5/developer/toolchains/gnu_arm/10.3_2021.10/bin/../lib/gcc/arm-none-eabi/10.3.1/thumb/v8-m.main+fp/hard\libgcc.a(_arm_truncdfsf2.o)
                              ./app.o (__aeabi_d2f)
c:/siliconlabs/simplicitystudio/v5/developer/toolchains/gnu_arm/10.3_2021.10/bin/../lib/gcc/arm-none-eabi/10.3.1/thumb/v8-m.main+fp/hard\libgcc.a(_aeabi_ldivmod.o)
                              ./gecko_sdk_4.3.2/platform/emlib/src/em_usart.o (__aeabi_ldivmod)
c:/siliconlabs/simplicitystudio/v5/developer/toolchains/gnu_arm/10.3_2021.10/bin/../lib/gcc/arm-none-eabi/10.3.1/thumb/v8-m.main+fp/hard\libgcc.a(_aeabi_uldivmod.o)
                              ./gecko_sdk_4.3.2/platform/emlib/src/em_usart.o (__aeabi_uldivmod)
c:/siliconlabs/simplicitystudio/v5/developer/toolchains/gnu_arm/10.3_2021.10/bin/../lib/gcc/arm-none-eabi/10.3.1/thumb/v8-m.main+fp/hard\libgcc.a(_udivmoddi4.o)
                              c:/siliconlabs/simplicitystudio/v5/developer/toolchains/gnu_arm/10.3_2021.10/bin/../lib/gcc/arm-none-eabi/10.3.1/thumb/v8-m.main+fp/hard\libgcc.a(_aeabi_ldivmod.o) (__udivmoddi4)
c:/siliconlabs/simplicitystudio/v5/developer/toolchains/gnu_arm/10.3_2021.10/bin/../lib/gcc/arm-none-eabi/10.3.1/thumb/v8-m.main+fp/hard\libgcc.a(_dvmd_tls.o)
                              c:/siliconlabs/simplicitystudio/v5/developer/toolchains/gnu_arm/10.3_2021.10/bin/../lib/gcc/arm-none-eabi/10.3.1/thumb/v8-m.main+fp/hard\libgcc.a(_aeabi_ldivmod.o) (__aeabi_ldiv0)
c:/siliconlabs/simplicitystudio/v5/developer/toolchains/gnu_arm/10.3_2021.10/bin/../lib/gcc/arm-none-eabi/10.3.1/../../../../arm-none-eabi/lib/thumb/v8-m.main+fp/hard\libc_nano.a(lib_a-ctype_.o)
                              ./gecko_sdk_4.3.2/platform/common/src/sl_string.o (_ctype_)
[...]
Memory Configuration

Name             Origin             Length             Attributes
FLASH            0x00000000         0x0007e000         xr
RAM              0x20000000         0x00008000         xrw
*default*        0x00000000         0xffffffff

Linker script and memory map

LOAD c:/siliconlabs/simplicitystudio/v5/developer/toolchains/gnu_arm/10.3_2021.10/bin/../lib/gcc/arm-none-eabi/10.3.1/thumb/v8-m.main+fp/hard/crti.o
LOAD c:/siliconlabs/simplicitystudio/v5/developer/toolchains/gnu_arm/10.3_2021.10/bin/../lib/gcc/arm-none-eabi/10.3.1/thumb/v8-m.main+fp/hard/crtbegin.o
LOAD c:/siliconlabs/simplicitystudio/v5/developer/toolchains/gnu_arm/10.3_2021.10/bin/../lib/gcc/arm-none-eabi/10.3.1/../../../../arm-none-eabi/lib/thumb/v8-m.main+fp/hard/crt0.o
START GROUP
LOAD ./adc.o
LOAD ./app.o
LOAD ./hardware.o
LOAD ./main.o
LOAD ./mcp4162.o
LOAD ./ssd1306.o
LOAD ./autogen/sl_board_default_init.o
LOAD ./autogen/sl_device_init_clocks.o
LOAD ./autogen/sl_event_handler.o
LOAD ./autogen/sl_i2cspm_init.o
LOAD ./autogen/sl_iostream_handles.o
LOAD ./autogen/sl_iostream_init_usart_instances.o
LOAD ./gecko_sdk_4.3.2/hardware/board/src/sl_board_control_gpio.o
LOAD ./gecko_sdk_4.3.2/hardware/board/src/sl_board_init.o
LOAD ./gecko_sdk_4.3.2/hardware/driver/configuration_over_swo/src/sl_cos.o
LOAD ./gecko_sdk_4.3.2/platform/Device/SiliconLabs/EFR32BG22/Source/startup_efr32bg22.o
LOAD ./gecko_sdk_4.3.2/platform/Device/SiliconLabs/EFR32BG22/Source/system_efr32bg22.o
LOAD ./gecko_sdk_4.3.2/platform/common/src/sl_assert.o
LOAD ./gecko_sdk_4.3.2/platform/common/src/sl_string.o
LOAD ./gecko_sdk_4.3.2/platform/common/toolchain/src/sl_memory.o
LOAD ./gecko_sdk_4.3.2/platform/driver/debug/src/sl_debug_swo.o
LOAD ./gecko_sdk_4.3.2/platform/driver/i2cspm/src/sl_i2cspm.o
LOAD ./gecko_sdk_4.3.2/platform/emdrv/dmadrv/src/dmadrv.o
LOAD ./gecko_sdk_4.3.2/platform/emlib/src/em_cmu.o
LOAD ./gecko_sdk_4.3.2/platform/emlib/src/em_core.o
LOAD ./gecko_sdk_4.3.2/platform/emlib/src/em_emu.o
LOAD ./gecko_sdk_4.3.2/platform/emlib/src/em_gpio.o
LOAD ./gecko_sdk_4.3.2/platform/emlib/src/em_i2c.o
LOAD ./gecko_sdk_4.3.2/platform/emlib/src/em_iadc.o
LOAD ./gecko_sdk_4.3.2/platform/emlib/src/em_ldma.o
LOAD ./gecko_sdk_4.3.2/platform/emlib/src/em_msc.o
LOAD ./gecko_sdk_4.3.2/platform/emlib/src/em_prs.o
LOAD ./gecko_sdk_4.3.2/platform/emlib/src/em_system.o
LOAD ./gecko_sdk_4.3.2/platform/emlib/src/em_timer.o
LOAD ./gecko_sdk_4.3.2/platform/emlib/src/em_usart.o
LOAD ./gecko_sdk_4.3.2/platform/service/device_init/src/sl_device_init_dcdc_s2.o
LOAD ./gecko_sdk_4.3.2/platform/service/device_init/src/sl_device_init_emu_s2.o
LOAD ./gecko_sdk_4.3.2/platform/service/device_init/src/sl_device_init_hfxo_s2.o
LOAD ./gecko_sdk_4.3.2/platform/service/device_init/src/sl_device_init_lfxo_s2.o
LOAD ./gecko_sdk_4.3.2/platform/service/device_init/src/sl_device_init_nvic.o
LOAD ./gecko_sdk_4.3.2/platform/service/iostream/src/sl_iostream.o
LOAD ./gecko_sdk_4.3.2/platform/service/iostream/src/sl_iostream_retarget_stdio.o
LOAD ./gecko_sdk_4.3.2/platform/service/iostream/src/sl_iostream_uart.o
LOAD ./gecko_sdk_4.3.2/platform/service/iostream/src/sl_iostream_usart.o
LOAD ./gecko_sdk_4.3.2/platform/service/system/src/sl_system_init.o
LOAD ./gecko_sdk_4.3.2/platform/service/system/src/sl_system_process_action.o
LOAD ./gecko_sdk_4.3.2/platform/service/udelay/src/sl_udelay.o
LOAD ./gecko_sdk_4.3.2/platform/service/udelay/src/sl_udelay_armv6m_gcc.o
LOAD ./gecko_sdk_4.3.2/util/third_party/printf/printf.o
LOAD ./gecko_sdk_4.3.2/util/third_party/printf/src/iostream_printf.o
LOAD C:/Users/nateb/SimplicityStudio/SDKs/gecko_sdk//util/third_party/cmsis_dsp/libs/GCC/cortex-m33/libCMSISDSPBasicMath.a
LOAD C:/Users/nateb/SimplicityStudio/SDKs/gecko_sdk//util/third_party/cmsis_dsp/libs/GCC/cortex-m33/libCMSISDSPBayes.a
LOAD C:/Users/nateb/SimplicityStudio/SDKs/gecko_sdk//util/third_party/cmsis_dsp/libs/GCC/cortex-m33/libCMSISDSPCommon.a
LOAD C:/Users/nateb/SimplicityStudio/SDKs/gecko_sdk//util/third_party/cmsis_dsp/libs/GCC/cortex-m33/libCMSISDSPComplexMath.a
LOAD C:/Users/nateb/SimplicityStudio/SDKs/gecko_sdk//util/third_party/cmsis_dsp/libs/GCC/cortex-m33/libCMSISDSPController.a
LOAD C:/Users/nateb/SimplicityStudio/SDKs/gecko_sdk//util/third_party/cmsis_dsp/libs/GCC/cortex-m33/libCMSISDSPDistance.a
LOAD C:/Users/nateb/SimplicityStudio/SDKs/gecko_sdk//util/third_party/cmsis_dsp/libs/GCC/cortex-m33/libCMSISDSPFastMath.a
LOAD C:/Users/nateb/SimplicityStudio/SDKs/gecko_sdk//util/third_party/cmsis_dsp/libs/GCC/cortex-m33/libCMSISDSPFiltering.a
LOAD C:/Users/nateb/SimplicityStudio/SDKs/gecko_sdk//util/third_party/cmsis_dsp/libs/GCC/cortex-m33/libCMSISDSPInterpolation.a
LOAD C:/Users/nateb/SimplicityStudio/SDKs/gecko_sdk//util/third_party/cmsis_dsp/libs/GCC/cortex-m33/libCMSISDSPMatrix.a
LOAD C:/Users/nateb/SimplicityStudio/SDKs/gecko_sdk//util/third_party/cmsis_dsp/libs/GCC/cortex-m33/libCMSISDSPQuaternionMath.a
LOAD C:/Users/nateb/SimplicityStudio/SDKs/gecko_sdk//util/third_party/cmsis_dsp/libs/GCC/cortex-m33/libCMSISDSPStatistics.a
LOAD C:/Users/nateb/SimplicityStudio/SDKs/gecko_sdk//util/third_party/cmsis_dsp/libs/GCC/cortex-m33/libCMSISDSPSupport.a
LOAD C:/Users/nateb/SimplicityStudio/SDKs/gecko_sdk//util/third_party/cmsis_dsp/libs/GCC/cortex-m33/libCMSISDSPSVM.a
LOAD C:/Users/nateb/SimplicityStudio/SDKs/gecko_sdk//util/third_party/cmsis_dsp/libs/GCC/cortex-m33/libCMSISDSPTransform.a
LOAD c:/siliconlabs/simplicitystudio/v5/developer/toolchains/gnu_arm/10.3_2021.10/bin/../lib/gcc/arm-none-eabi/10.3.1/thumb/v8-m.main+fp/hard\libgcc.a
LOAD c:/siliconlabs/simplicitystudio/v5/developer/toolchains/gnu_arm/10.3_2021.10/bin/../lib/gcc/arm-none-eabi/10.3.1/../../../../arm-none-eabi/lib/thumb/v8-m.main+fp/hard\libc_nano.a
LOAD c:/siliconlabs/simplicitystudio/v5/developer/toolchains/gnu_arm/10.3_2021.10/bin/../lib/gcc/arm-none-eabi/10.3.1/../../../../arm-none-eabi/lib/thumb/v8-m.main+fp/hard\libm.a
LOAD c:/siliconlabs/simplicitystudio/v5/developer/toolchains/gnu_arm/10.3_2021.10/bin/../lib/gcc/arm-none-eabi/10.3.1/../../../../arm-none-eabi/lib/thumb/v8-m.main+fp/hard\libnosys.a
END GROUP
START GROUP
LOAD c:/siliconlabs/simplicitystudio/v5/developer/toolchains/gnu_arm/10.3_2021.10/bin/../lib/gcc/arm-none-eabi/10.3.1/thumb/v8-m.main+fp/hard\libgcc.a
LOAD c:/siliconlabs/simplicitystudio/v5/developer/toolchains/gnu_arm/10.3_2021.10/bin/../lib/gcc/arm-none-eabi/10.3.1/../../../../arm-none-eabi/lib/thumb/v8-m.main+fp/hard\libc_nano.a
LOAD c:/siliconlabs/simplicitystudio/v5/developer/toolchains/gnu_arm/10.3_2021.10/bin/../lib/gcc/arm-none-eabi/10.3.1/../../../../arm-none-eabi/lib/thumb/v8-m.main+fp/hard\libnosys.a
END GROUP
START GROUP
LOAD c:/siliconlabs/simplicitystudio/v5/developer/toolchains/gnu_arm/10.3_2021.10/bin/../lib/gcc/arm-none-eabi/10.3.1/thumb/v8-m.main+fp/hard\libgcc.a
LOAD c:/siliconlabs/simplicitystudio/v5/developer/toolchains/gnu_arm/10.3_2021.10/bin/../lib/gcc/arm-none-eabi/10.3.1/../../../../arm-none-eabi/lib/thumb/v8-m.main+fp/hard\libg_nano.a
LOAD c:/siliconlabs/simplicitystudio/v5/developer/toolchains/gnu_arm/10.3_2021.10/bin/../lib/gcc/arm-none-eabi/10.3.1/../../../../arm-none-eabi/lib/thumb/v8-m.main+fp/hard\libc_nano.a
END GROUP
START GROUP
LOAD c:/siliconlabs/simplicitystudio/v5/developer/toolchains/gnu_arm/10.3_2021.10/bin/../lib/gcc/arm-none-eabi/10.3.1/thumb/v8-m.main+fp/hard\libgcc.a
LOAD c:/siliconlabs/simplicitystudio/v5/developer/toolchains/gnu_arm/10.3_2021.10/bin/../lib/gcc/arm-none-eabi/10.3.1/../../../../arm-none-eabi/lib/thumb/v8-m.main+fp/hard\libc_nano.a
END GROUP
LOAD c:/siliconlabs/simplicitystudio/v5/developer/toolchains/gnu_arm/10.3_2021.10/bin/../lib/gcc/arm-none-eabi/10.3.1/thumb/v8-m.main+fp/hard/crtend.o
LOAD c:/siliconlabs/simplicitystudio/v5/developer/toolchains/gnu_arm/10.3_2021.10/bin/../lib/gcc/arm-none-eabi/10.3.1/thumb/v8-m.main+fp/hard/crtn.o

.text           0x00000000     0xbea0
                0x00000000                linker_vectors_begin = .
 *(.vectors)
 .vectors       0x00000000      0x140 ./gecko_sdk_4.3.2/platform/Device/SiliconLabs/EFR32BG22/Source/startup_efr32bg22.o
                0x00000000                __Vectors
                0x00000140                linker_vectors_end = .
                0x00000140                __Vectors_End = .
                0x00000140                __Vectors_Size = (__Vectors_End - __Vectors)
                0x00000140                linker_code_begin = .
 *(SORT_BY_ALIGNMENT(.text*))
 .text          0x00000140        0x8 ./gecko_sdk_4.3.2/platform/service/udelay/src/sl_udelay_armv6m_gcc.o
                0x00000140                sli_delay_loop
 .text.initBlackmanWindow
                0x00000148       0xd8 ./app.o
                0x00000148                initBlackmanWindow
 .text.normalizeInterleaved
                0x00000220       0x60 ./app.o
                0x00000220                normalizeInterleaved
 .text.convert_f_to_dBFS
                0x00000280       0x38 ./app.o
                0x00000280                convert_f_to_dBFS
 .text.ssd1306_drawWaveform
                0x000002b8       0xd4 ./ssd1306.o
                0x000002b8                ssd1306_drawWaveform
 *fill*         0x0000038c        0x4 
 .text._etoa    0x00000390      0x3c4 ./gecko_sdk_4.3.2/util/third_party/printf/printf.o
 *fill*         0x00000754        0x4 
 .text._ftoa    0x00000758      0x358 ./gecko_sdk_4.3.2/util/third_party/printf/printf.o
 .text.cos      0x00000ab0       0xa8 c:/siliconlabs/simplicitystudio/v5/developer/toolchains/gnu_arm/10.3_2021.10/bin/../lib/gcc/arm-none-eabi/10.3.1/../../../../arm-none-eabi/lib/thumb/v8-m.main+fp/hard\libm.a(lib_a-s_cos.o)
                0x00000ab0                cos
 .text.__ieee754_rem_pio2
                0x00000b58      0x44c c:/siliconlabs/simplicitystudio/v5/developer/toolchains/gnu_arm/10.3_2021.10/bin/../lib/gcc/arm-none-eabi/10.3.1/../../../../arm-none-eabi/lib/thumb/v8-m.main+fp/hard\libm.a(lib_a-e_rem_pio2.o)
                0x00000b58                __ieee754_rem_pio2
 *fill*         0x00000fa4        0x4 
 .text.__kernel_cos
                0x00000fa8      0x27c c:/siliconlabs/simplicitystudio/v5/developer/toolchains/gnu_arm/10.3_2021.10/bin/../lib/gcc/arm-none-eabi/10.3.1/../../../../arm-none-eabi/lib/thumb/v8-m.main+fp/hard\libm.a(lib_a-k_cos.o)
                0x00000fa8                __kernel_cos
 *fill*         0x00001224        0x4 
 .text.__kernel_rem_pio2
                0x00001228      0x844 c:/siliconlabs/simplicitystudio/v5/developer/toolchains/gnu_arm/10.3_2021.10/bin/../lib/gcc/arm-none-eabi/10.3.1/../../../../arm-none-eabi/lib/thumb/v8-m.main+fp/hard\libm.a(lib_a-k_rem_pio2.o)
                0x00001228                __kernel_rem_pio2
 *fill*         0x00001a6c        0x4 
 .text.__kernel_sin
                0x00001a70      0x18c c:/siliconlabs/simplicitystudio/v5/developer/toolchains/gnu_arm/10.3_2021.10/bin/../lib/gcc/arm-none-eabi/10.3.1/../../../../arm-none-eabi/lib/thumb/v8-m.main+fp/hard\libm.a(lib_a-k_sin.o)
                0x00001a70                __kernel_sin
 *fill*         0x00001bfc        0x4 
 .text.floor    0x00001c00      0x108 c:/siliconlabs/simplicitystudio/v5/developer/toolchains/gnu_arm/10.3_2021.10/bin/../lib/gcc/arm-none-eabi/10.3.1/../../../../arm-none-eabi/lib/thumb/v8-m.main+fp/hard\libm.a(lib_a-s_floor.o)
                0x00001c00                floor
 .text.scalbn   0x00001d08      0x128 c:/siliconlabs/simplicitystudio/v5/developer/toolchains/gnu_arm/10.3_2021.10/bin/../lib/gcc/arm-none-eabi/10.3.1/../../../../arm-none-eabi/lib/thumb/v8-m.main+fp/hard\libm.a(lib_a-s_scalbn.o)
                0x00001d08                scalbn
 .text          0x00001e30       0x40 c:/siliconlabs/simplicitystudio/v5/developer/toolchains/gnu_arm/10.3_2021.10/bin/../lib/gcc/arm-none-eabi/10.3.1/thumb/v8-m.main+fp/hard/crtbegin.o
 .text          0x00001e70       0x7c c:/siliconlabs/simplicitystudio/v5/developer/toolchains/gnu_arm/10.3_2021.10/bin/../lib/gcc/arm-none-eabi/10.3.1/../../../../arm-none-eabi/lib/thumb/v8-m.main+fp/hard/crt0.o
                0x00001e70                _stack_init
                0x00001e78                _start
                0x00001e78                _mainCRTStartup
 .text.IADC_setup
                0x00001eec      0x130 ./adc.o
                0x00001eec                IADC_setup
 .text.applyWindowInterleaved
                0x0000201c       0x30 ./app.o
                0x0000201c                applyWindowInterleaved
 .text.condense_CMSIS
                0x0000204c      0x1d4 ./app.o
                0x0000204c                condense_CMSIS
 .text.map_dBFS_to_height
                0x00002220       0x3c ./app.o
                0x00002220                map_dBFS_to_height
 .text.convert_to_dBFS
                0x0000225c       0x2c ./app.o
                0x0000225c                convert_to_dBFS
 .text.doWorkCMSIS
                0x00002288       0x3c ./app.o
                0x00002288                doWorkCMSIS
 .text.app_init
                0x000022c4       0x34 ./app.o
                0x000022c4                app_init
 .text.app_process_action
                0x000022f8       0x80 ./app.o
                0x000022f8                app_process_action
 .text.LDMA_callback
                0x00002378       0x20 ./hardware.o
 .text.LDMA_init
                0x00002398       0x6c ./hardware.o
                0x00002398                LDMA_init
 .text.mcp4162_init
                0x00002404       0xa0 ./mcp4162.o
                0x00002404                mcp4162_init
 .text.mcp4162_readVwiper
                0x000024a4       0x34 ./mcp4162.o
                0x000024a4                mcp4162_readVwiper
 .text.ssd1306_init
                0x000024d8       0x24 ./ssd1306.o
                0x000024d8                ssd1306_init
 .text.ssd1306_setPosition
                0x000024fc       0x28 ./ssd1306.o
                0x000024fc                ssd1306_setPosition
 .text.ssd1306_clearDisplay
                0x00002524       0x44 ./ssd1306.o
                0x00002524                ssd1306_clearDisplay
 .text.ssd1306_updateVerticalBar
                0x00002568      0x12c ./ssd1306.o
                0x00002568                ssd1306_updateVerticalBar
 .text.ssd1306_drawAveragedWaveform
                0x00002694       0x84 ./ssd1306.o
                0x00002694                ssd1306_drawAveragedWaveform
 .text.sl_device_init_clocks
                0x00002718       0x9c ./autogen/sl_device_init_clocks.o
                0x00002718                sl_device_init_clocks
 .text.sl_platform_init
                0x000027b4       0x58 ./autogen/sl_event_handler.o
                0x000027b4                sl_platform_init
 .text.sl_i2cspm_init_instances
                0x0000280c       0x18 ./autogen/sl_i2cspm_init.o
                0x0000280c                sl_i2cspm_init_instances
 .text.sl_iostream_usart_init_vcom
                0x00002824       0xbc ./autogen/sl_iostream_init_usart_instances.o
                0x00002824                sl_iostream_usart_init_vcom
 .text.sl_iostream_usart_init_instances
                0x000028e0       0x1c ./autogen/sl_iostream_init_usart_instances.o
                0x000028e0                sl_iostream_usart_init_instances
 .text.USART1_RX_IRQHandler
                0x000028fc        0xc ./autogen/sl_iostream_init_usart_instances.o
                0x000028fc                USART1_RX_IRQHandler
 .text.Reset_Handler
                0x00002908       0x60 ./gecko_sdk_4.3.2/platform/Device/SiliconLabs/EFR32BG22/Source/startup_efr32bg22.o
                0x00002908                Reset_Handler
 .text.SystemInit
                0x00002968       0x64 ./gecko_sdk_4.3.2/platform/Device/SiliconLabs/EFR32BG22/Source/system_efr32bg22.o
                0x00002968                SystemInit
 .text.SystemHFRCODPLLClockGet
                0x000029cc        0xc ./gecko_sdk_4.3.2/platform/Device/SiliconLabs/EFR32BG22/Source/system_efr32bg22.o
                0x000029cc                SystemHFRCODPLLClockGet
 .text.SystemSYSCLKGet
                0x000029d8       0x34 ./gecko_sdk_4.3.2/platform/Device/SiliconLabs/EFR32BG22/Source/system_efr32bg22.o
                0x000029d8                SystemSYSCLKGet
 .text.SystemHCLKGet
                0x00002a0c       0x24 ./gecko_sdk_4.3.2/platform/Device/SiliconLabs/EFR32BG22/Source/system_efr32bg22.o
                0x00002a0c                SystemHCLKGet
 .text.SystemMaxCoreClockGet
                0x00002a30        0x8 ./gecko_sdk_4.3.2/platform/Device/SiliconLabs/EFR32BG22/Source/system_efr32bg22.o
                0x00002a30                SystemMaxCoreClockGet
 .text.SystemHFXOClockGet
                0x00002a38        0xc ./gecko_sdk_4.3.2/platform/Device/SiliconLabs/EFR32BG22/Source/system_efr32bg22.o
                0x00002a38                SystemHFXOClockGet
 .text.SystemHFXOClockSet
                0x00002a44       0x20 ./gecko_sdk_4.3.2/platform/Device/SiliconLabs/EFR32BG22/Source/system_efr32bg22.o
                0x00002a44                SystemHFXOClockSet
 .text.SystemFSRCOClockGet
                0x00002a64        0x8 ./gecko_sdk_4.3.2/platform/Device/SiliconLabs/EFR32BG22/Source/system_efr32bg22.o
                0x00002a64                SystemFSRCOClockGet
 .text.SystemLFXOClockGet
                0x00002a6c        0xc ./gecko_sdk_4.3.2/platform/Device/SiliconLabs/EFR32BG22/Source/system_efr32bg22.o
                0x00002a6c                SystemLFXOClockGet
 .text.sl_debug_swo_init
                0x00002a78       0xc0 ./gecko_sdk_4.3.2/platform/driver/debug/src/sl_debug_swo.o
                0x00002a78                sl_debug_swo_init
 .text.sl_debug_swo_write_u8
                0x00002b38       0x44 ./gecko_sdk_4.3.2/platform/driver/debug/src/sl_debug_swo.o
                0x00002b38                sl_debug_swo_write_u8
 .text.I2CSPM_Init
                0x00002b7c      0x180 ./gecko_sdk_4.3.2/platform/driver/i2cspm/src/sl_i2cspm.o
                0x00002b7c                I2CSPM_Init
 .text.I2CSPM_Transfer
                0x00002cfc       0x20 ./gecko_sdk_4.3.2/platform/driver/i2cspm/src/sl_i2cspm.o
                0x00002cfc                I2CSPM_Transfer
 .text.StartTransfer
                0x00002d1c      0x17c ./gecko_sdk_4.3.2/platform/emdrv/dmadrv/src/dmadrv.o
 .text.DMADRV_AllocateChannel
                0x00002e98       0x60 ./gecko_sdk_4.3.2/platform/emdrv/dmadrv/src/dmadrv.o
                0x00002e98                DMADRV_AllocateChannel
 .text.DMADRV_DeInit
                0x00002ef8       0x44 ./gecko_sdk_4.3.2/platform/emdrv/dmadrv/src/dmadrv.o
                0x00002ef8                DMADRV_DeInit
 .text.DMADRV_FreeChannel
                0x00002f3c       0x4c ./gecko_sdk_4.3.2/platform/emdrv/dmadrv/src/dmadrv.o
                0x00002f3c                DMADRV_FreeChannel
 .text.DMADRV_Init
                0x00002f88       0x68 ./gecko_sdk_4.3.2/platform/emdrv/dmadrv/src/dmadrv.o
                0x00002f88                DMADRV_Init
 .text.DMADRV_LdmaStartTransfer
                0x00002ff0       0x4c ./gecko_sdk_4.3.2/platform/emdrv/dmadrv/src/dmadrv.o
                0x00002ff0                DMADRV_LdmaStartTransfer
 .text.DMADRV_PauseTransfer
                0x0000303c       0x40 ./gecko_sdk_4.3.2/platform/emdrv/dmadrv/src/dmadrv.o
                0x0000303c                DMADRV_PauseTransfer
 .text.DMADRV_ResumeTransfer
                0x0000307c       0x40 ./gecko_sdk_4.3.2/platform/emdrv/dmadrv/src/dmadrv.o
                0x0000307c                DMADRV_ResumeTransfer
 .text.DMADRV_StopTransfer
                0x000030bc       0x40 ./gecko_sdk_4.3.2/platform/emdrv/dmadrv/src/dmadrv.o
                0x000030bc                DMADRV_StopTransfer
 .text.DMADRV_TransferCompletePending
                0x000030fc       0x50 ./gecko_sdk_4.3.2/platform/emdrv/dmadrv/src/dmadrv.o
                0x000030fc                DMADRV_TransferCompletePending
 .text.DMADRV_TransferDone
                0x0000314c       0x44 ./gecko_sdk_4.3.2/platform/emdrv/dmadrv/src/dmadrv.o
                0x0000314c                DMADRV_TransferDone
 .text.LDMA_IRQHandler
                0x00003190       0x94 ./gecko_sdk_4.3.2/platform/emdrv/dmadrv/src/dmadrv.o
                0x00003190                LDMA_IRQHandler
 .text.EMU_VScaleGet
                0x00003224       0x18 ./gecko_sdk_4.3.2/platform/emlib/src/em_cmu.o
 .text.em01GrpaClkGet
                0x0000323c       0x48 ./gecko_sdk_4.3.2/platform/emlib/src/em_cmu.o
 .text.iadcClkGet
                0x00003284       0x54 ./gecko_sdk_4.3.2/platform/emlib/src/em_cmu.o
 .text.em01GrpbClkGet
                0x000032d8       0x74 ./gecko_sdk_4.3.2/platform/emlib/src/em_cmu.o
 .text.em23GrpaClkGet
                0x0000334c       0x48 ./gecko_sdk_4.3.2/platform/emlib/src/em_cmu.o
 .text.wdog0ClkGet
                0x00003394       0x64 ./gecko_sdk_4.3.2/platform/emlib/src/em_cmu.o
 .text.rtccClkGet
                0x000033f8       0x54 ./gecko_sdk_4.3.2/platform/emlib/src/em_cmu.o
 .text.em4GrpaClkGet
                0x0000344c       0x48 ./gecko_sdk_4.3.2/platform/emlib/src/em_cmu.o
 .text.euart0ClkGet
                0x00003494       0x48 ./gecko_sdk_4.3.2/platform/emlib/src/em_cmu.o
 .text.CMU_ClockDivGet
                0x000034dc       0x84 ./gecko_sdk_4.3.2/platform/emlib/src/em_cmu.o
                0x000034dc                CMU_ClockDivGet
 .text.flashWaitStateControl
                0x00003560       0x4c ./gecko_sdk_4.3.2/platform/emlib/src/em_cmu.o
 .text.CMU_ClockEnable
                0x000035ac       0x54 ./gecko_sdk_4.3.2/platform/emlib/src/em_cmu.o
                0x000035ac                CMU_ClockEnable
 .text.CMU_ClockFreqGet
                0x00003600      0x194 ./gecko_sdk_4.3.2/platform/emlib/src/em_cmu.o
                0x00003600                CMU_ClockFreqGet
 .text.rhclkPrescOptimize
                0x00003794       0x20 ./gecko_sdk_4.3.2/platform/emlib/src/em_cmu.o
 .text.CMU_ClockSelectGet
                0x000037b4      0x168 ./gecko_sdk_4.3.2/platform/emlib/src/em_cmu.o
                0x000037b4                CMU_ClockSelectGet
 .text.sli_em_cmu_HFXOSetForceEnable
                0x0000391c       0x18 ./gecko_sdk_4.3.2/platform/emlib/src/em_cmu.o
                0x0000391c                sli_em_cmu_HFXOSetForceEnable
 .text.CMU_HFXOInit
                0x00003934      0x1e4 ./gecko_sdk_4.3.2/platform/emlib/src/em_cmu.o
                0x00003934                CMU_HFXOInit
 .text.CMU_HFXOCTuneDeltaGet
                0x00003b18        0xc ./gecko_sdk_4.3.2/platform/emlib/src/em_cmu.o
                0x00003b18                CMU_HFXOCTuneDeltaGet
 .text.CMU_LFXOInit
                0x00003b24       0xc4 ./gecko_sdk_4.3.2/platform/emlib/src/em_cmu.o
                0x00003b24                CMU_LFXOInit
 .text.CMU_LFXOPrecisionSet
                0x00003be8        0xc ./gecko_sdk_4.3.2/platform/emlib/src/em_cmu.o
                0x00003be8                CMU_LFXOPrecisionSet
 .text.CMU_HFXOPrecisionSet
                0x00003bf4        0xc ./gecko_sdk_4.3.2/platform/emlib/src/em_cmu.o
                0x00003bf4                CMU_HFXOPrecisionSet
 .text.CMU_ClockDivSet
                0x00003c00      0x104 ./gecko_sdk_4.3.2/platform/emlib/src/em_cmu.o
                0x00003c00                CMU_ClockDivSet
 .text.sli_em_cmu_SYSCLKInitPreClockSelect
                0x00003d04       0x20 ./gecko_sdk_4.3.2/platform/emlib/src/em_cmu.o
                0x00003d04                sli_em_cmu_SYSCLKInitPreClockSelect
 .text.pclkDivOptimize
                0x00003d24       0x24 ./gecko_sdk_4.3.2/platform/emlib/src/em_cmu.o
 .text.CMU_ClockSelectSet
                0x00003d48      0x3fc ./gecko_sdk_4.3.2/platform/emlib/src/em_cmu.o
                0x00003d48                CMU_ClockSelectSet
 .text.EMU_EM4Init
                0x00004144       0x14 ./gecko_sdk_4.3.2/platform/emlib/src/em_emu.o
                0x00004144                EMU_EM4Init
 .text.EMU_VScaleEM01
                0x00004158       0xb0 ./gecko_sdk_4.3.2/platform/emlib/src/em_emu.o
                0x00004158                EMU_VScaleEM01
 .text.EMU_VScaleEM01ByClock
                0x00004208       0x30 ./gecko_sdk_4.3.2/platform/emlib/src/em_emu.o
                0x00004208                EMU_VScaleEM01ByClock
 .text.EMU_DCDCModeSet
                0x00004238       0xb8 ./gecko_sdk_4.3.2/platform/emlib/src/em_emu.o
                0x00004238                EMU_DCDCModeSet
 .text.EMU_DCDCInit
                0x000042f0       0x7c ./gecko_sdk_4.3.2/platform/emlib/src/em_emu.o
                0x000042f0                EMU_DCDCInit
 .text.GPIO_PinOutSet
                0x0000436c       0x54 ./gecko_sdk_4.3.2/platform/emlib/src/em_gpio.o
 .text.GPIO_PinOutClear
                0x000043c0       0x54 ./gecko_sdk_4.3.2/platform/emlib/src/em_gpio.o
 .text.GPIO_PinModeSet
                0x00004414       0xa0 ./gecko_sdk_4.3.2/platform/emlib/src/em_gpio.o
                0x00004414                GPIO_PinModeSet
 .text.I2C_BusFreqSet
                0x000044b4       0xe8 ./gecko_sdk_4.3.2/platform/emlib/src/em_i2c.o
                0x000044b4                I2C_BusFreqSet
 .text.I2C_Enable
                0x0000459c       0x3c ./gecko_sdk_4.3.2/platform/emlib/src/em_i2c.o
                0x0000459c                I2C_Enable
 .text.I2C_Init
                0x000045d8       0x68 ./gecko_sdk_4.3.2/platform/emlib/src/em_i2c.o
                0x000045d8                I2C_Init
 .text.I2C_Transfer
                0x00004640      0x244 ./gecko_sdk_4.3.2/platform/emlib/src/em_i2c.o
                0x00004640                I2C_Transfer
 .text.I2C_TransferInit
                0x00004884       0xbc ./gecko_sdk_4.3.2/platform/emlib/src/em_i2c.o
                0x00004884                I2C_TransferInit
 .text.IADC_updateSingleInput
                0x00004940       0x58 ./gecko_sdk_4.3.2/platform/emlib/src/em_iadc.o
                0x00004940                IADC_updateSingleInput
 .text.IADC_initSingle
                0x00004998       0xa0 ./gecko_sdk_4.3.2/platform/emlib/src/em_iadc.o
                0x00004998                IADC_initSingle
 .text.IADC_reset
                0x00004a38       0xd4 ./gecko_sdk_4.3.2/platform/emlib/src/em_iadc.o
                0x00004a38                IADC_reset
 .text.IADC_calcTimebase
                0x00004b0c       0x64 ./gecko_sdk_4.3.2/platform/emlib/src/em_iadc.o
                0x00004b0c                IADC_calcTimebase
 .text.IADC_calcSrcClkPrescale
                0x00004b70       0x5c ./gecko_sdk_4.3.2/platform/emlib/src/em_iadc.o
                0x00004b70                IADC_calcSrcClkPrescale
 .text.IADC_calcAdcClkPrescale
                0x00004bcc       0x74 ./gecko_sdk_4.3.2/platform/emlib/src/em_iadc.o
                0x00004bcc                IADC_calcAdcClkPrescale
 .text.IADC_init
                0x00004c40      0x354 ./gecko_sdk_4.3.2/platform/emlib/src/em_iadc.o
                0x00004c40                IADC_init
 .text.LDMA_DeInit
                0x00004f94       0x3c ./gecko_sdk_4.3.2/platform/emlib/src/em_ldma.o
                0x00004f94                LDMA_DeInit
 .text.LDMA_EnableChannelRequest
                0x00004fd0       0x44 ./gecko_sdk_4.3.2/platform/emlib/src/em_ldma.o
                0x00004fd0                LDMA_EnableChannelRequest
 .text.LDMA_Init
                0x00005014       0x94 ./gecko_sdk_4.3.2/platform/emlib/src/em_ldma.o
                0x00005014                LDMA_Init
 .text.LDMA_StartTransfer
                0x000050a8      0x100 ./gecko_sdk_4.3.2/platform/emlib/src/em_ldma.o
                0x000050a8                LDMA_StartTransfer
 .text.LDMA_StopTransfer
                0x000051a8       0x38 ./gecko_sdk_4.3.2/platform/emlib/src/em_ldma.o
                0x000051a8                LDMA_StopTransfer
 .text.LDMA_TransferDone
                0x000051e0       0x44 ./gecko_sdk_4.3.2/platform/emlib/src/em_ldma.o
                0x000051e0                LDMA_TransferDone
 .text.SYSTEM_ChipRevisionGet
                0x00005224       0x24 ./gecko_sdk_4.3.2/platform/emlib/src/em_system.o
                0x00005224                SYSTEM_ChipRevisionGet
 .text.SYSTEM_GetProdRev
                0x00005248       0x10 ./gecko_sdk_4.3.2/platform/emlib/src/em_system.o
                0x00005248                SYSTEM_GetProdRev
 .text.USART_BaudrateAsyncSet
                0x00005258       0xe0 ./gecko_sdk_4.3.2/platform/emlib/src/em_usart.o
                0x00005258                USART_BaudrateAsyncSet
 .text.USART_BaudrateSyncSet
                0x00005338       0x48 ./gecko_sdk_4.3.2/platform/emlib/src/em_usart.o
                0x00005338                USART_BaudrateSyncSet
 .text.USART_Enable
                0x00005380       0x44 ./gecko_sdk_4.3.2/platform/emlib/src/em_usart.o
                0x00005380                USART_Enable
 .text.USART_Reset
                0x000053c4       0x78 ./gecko_sdk_4.3.2/platform/emlib/src/em_usart.o
                0x000053c4                USART_Reset
 .text.USART_InitAsync
                0x0000543c      0x124 ./gecko_sdk_4.3.2/platform/emlib/src/em_usart.o
                0x0000543c                USART_InitAsync
 .text.USART_InitSync
                0x00005560       0xdc ./gecko_sdk_4.3.2/platform/emlib/src/em_usart.o
                0x00005560                USART_InitSync
 .text.sl_device_init_dcdc
                0x0000563c       0x20 ./gecko_sdk_4.3.2/platform/service/device_init/src/sl_device_init_dcdc_s2.o
                0x0000563c                sl_device_init_dcdc
 .text.sl_device_init_emu
                0x0000565c       0x24 ./gecko_sdk_4.3.2/platform/service/device_init/src/sl_device_init_emu_s2.o
                0x0000565c                sl_device_init_emu
 .text.sl_device_init_hfxo
                0x00005680       0x74 ./gecko_sdk_4.3.2/platform/service/device_init/src/sl_device_init_hfxo_s2.o
                0x00005680                sl_device_init_hfxo
 .text.sl_device_init_lfxo
                0x000056f4       0x2c ./gecko_sdk_4.3.2/platform/service/device_init/src/sl_device_init_lfxo_s2.o
                0x000056f4                sl_device_init_lfxo
 .text.sl_device_init_nvic
                0x00005720       0x3c ./gecko_sdk_4.3.2/platform/service/device_init/src/sl_device_init_nvic.o
                0x00005720                sl_device_init_nvic
 .text.sl_iostream_set_default
                0x0000575c       0x18 ./gecko_sdk_4.3.2/platform/service/iostream/src/sl_iostream.o
                0x0000575c                sl_iostream_set_default
 .text.sl_iostream_get_default
                0x00005774       0x18 ./gecko_sdk_4.3.2/platform/service/iostream/src/sl_iostream.o
                0x00005774                sl_iostream_get_default
 .text.get_write_ptr
                0x0000578c       0x40 ./gecko_sdk_4.3.2/platform/service/iostream/src/sl_iostream_uart.o
 .text.dma_irq_handler
                0x000057cc       0x74 ./gecko_sdk_4.3.2/platform/service/iostream/src/sl_iostream_uart.o
 .text.uart_read
                0x00005840      0x1f0 ./gecko_sdk_4.3.2/platform/service/iostream/src/sl_iostream_uart.o
 .text.uart_deinit
                0x00005a30       0x98 ./gecko_sdk_4.3.2/platform/service/iostream/src/sl_iostream_uart.o
 .text.uart_write
                0x00005ac8       0xc0 ./gecko_sdk_4.3.2/platform/service/iostream/src/sl_iostream_uart.o
 .text.sli_iostream_uart_context_init
                0x00005b88       0xf8 ./gecko_sdk_4.3.2/platform/service/iostream/src/sl_iostream_uart.o
                0x00005b88                sli_iostream_uart_context_init
 .text.sl_iostream_usart_init
                0x00005c80      0x178 ./gecko_sdk_4.3.2/platform/service/iostream/src/sl_iostream_usart.o
                0x00005c80                sl_iostream_usart_init
 .text.sl_udelay_wait
                0x00005df8       0x58 ./gecko_sdk_4.3.2/platform/service/udelay/src/sl_udelay.o
                0x00005df8                sl_udelay_wait
 .text._vsnprintf
                0x00005e50      0x548 ./gecko_sdk_4.3.2/util/third_party/printf/printf.o
 .text.printf   0x00006398       0x28 ./gecko_sdk_4.3.2/util/third_party/printf/printf.o
                0x00006398                printf
 .text.arm_cmplx_mag_f32
                0x000063c0       0xe0 C:/Users/nateb/SimplicityStudio/SDKs/gecko_sdk//util/third_party/cmsis_dsp/libs/GCC/cortex-m33/libCMSISDSPComplexMath.a(arm_cmplx_mag_f32.c.o)
                0x000063c0                arm_cmplx_mag_f32
 .text.arm_cfft_radix8by2_f32
                0x000064a0      0x190 C:/Users/nateb/SimplicityStudio/SDKs/gecko_sdk//util/third_party/cmsis_dsp/libs/GCC/cortex-m33/libCMSISDSPTransform.a(arm_cfft_f32.c.o)
                0x000064a0                arm_cfft_radix8by2_f32
 .text.arm_cfft_radix8by4_f32
                0x00006630      0x49c C:/Users/nateb/SimplicityStudio/SDKs/gecko_sdk//util/third_party/cmsis_dsp/libs/GCC/cortex-m33/libCMSISDSPTransform.a(arm_cfft_f32.c.o)
                0x00006630                arm_cfft_radix8by4_f32
 .text.arm_cfft_f32
                0x00006acc       0xf0 C:/Users/nateb/SimplicityStudio/SDKs/gecko_sdk//util/third_party/cmsis_dsp/libs/GCC/cortex-m33/libCMSISDSPTransform.a(arm_cfft_f32.c.o)
                0x00006acc                arm_cfft_f32
 .text.arm_bitreversal_32
                0x00006bbc       0x4c C:/Users/nateb/SimplicityStudio/SDKs/gecko_sdk//util/third_party/cmsis_dsp/libs/GCC/cortex-m33/libCMSISDSPTransform.a(arm_bitreversal2.c.o)
                0x00006bbc                arm_bitreversal_32
 .text.arm_radix8_butterfly_f32
                0x00006c08      0x5a4 C:/Users/nateb/SimplicityStudio/SDKs/gecko_sdk//util/third_party/cmsis_dsp/libs/GCC/cortex-m33/libCMSISDSPTransform.a(arm_cfft_radix8_f32.c.o)
                0x00006c08                arm_radix8_butterfly_f32
 .text          0x000071ac      0x378 c:/siliconlabs/simplicitystudio/v5/developer/toolchains/gnu_arm/10.3_2021.10/bin/../lib/gcc/arm-none-eabi/10.3.1/thumb/v8-m.main+fp/hard\libgcc.a(_arm_addsubdf3.o)
                0x000071ac                __aeabi_drsub
                0x000071b4                __aeabi_dsub
                0x000071b4                __subdf3
                0x000071b8                __aeabi_dadd
                0x000071b8                __adddf3
                0x00007430                __floatunsidf
                0x00007430                __aeabi_ui2d
                0x00007450                __floatsidf
                0x00007450                __aeabi_i2d
                0x00007474                __aeabi_f2d
                0x00007474                __extendsfdf2
                0x000074b8                __floatundidf
                0x000074b8                __aeabi_ul2d
                0x000074c8                __floatdidf
                0x000074c8                __aeabi_l2d
 .text          0x00007524      0x424 c:/siliconlabs/simplicitystudio/v5/developer/toolchains/gnu_arm/10.3_2021.10/bin/../lib/gcc/arm-none-eabi/10.3.1/thumb/v8-m.main+fp/hard\libgcc.a(_arm_muldivdf3.o)
                0x00007524                __aeabi_dmul
                0x00007524                __muldf3
                0x00007778                __divdf3
                0x00007778                __aeabi_ddiv
 .text          0x00007948      0x110 c:/siliconlabs/simplicitystudio/v5/developer/toolchains/gnu_arm/10.3_2021.10/bin/../lib/gcc/arm-none-eabi/10.3.1/thumb/v8-m.main+fp/hard\libgcc.a(_arm_cmpdf2.o)
                0x00007948                __gtdf2
                0x00007948                __gedf2
                0x00007950                __ltdf2
                0x00007950                __ledf2
                0x00007958                __nedf2
                0x00007958                __eqdf2
                0x00007958                __cmpdf2
                0x000079d4                __aeabi_cdrcmple
                0x000079e4                __aeabi_cdcmpeq
                0x000079e4                __aeabi_cdcmple
                0x000079f4                __aeabi_dcmpeq
                0x00007a08                __aeabi_dcmplt
                0x00007a1c                __aeabi_dcmple
                0x00007a30                __aeabi_dcmpge
                0x00007a44                __aeabi_dcmpgt
 .text          0x00007a58       0x50 c:/siliconlabs/simplicitystudio/v5/developer/toolchains/gnu_arm/10.3_2021.10/bin/../lib/gcc/arm-none-eabi/10.3.1/thumb/v8-m.main+fp/hard\libgcc.a(_arm_fixdfsi.o)
                0x00007a58                __aeabi_d2iz
                0x00007a58                __fixdfsi
 .text          0x00007aa8       0x40 c:/siliconlabs/simplicitystudio/v5/developer/toolchains/gnu_arm/10.3_2021.10/bin/../lib/gcc/arm-none-eabi/10.3.1/thumb/v8-m.main+fp/hard\libgcc.a(_arm_fixunsdfsi.o)
                0x00007aa8                __aeabi_d2uiz
                0x00007aa8                __fixunsdfsi
 .text          0x00007ae8       0xa0 c:/siliconlabs/simplicitystudio/v5/developer/toolchains/gnu_arm/10.3_2021.10/bin/../lib/gcc/arm-none-eabi/10.3.1/thumb/v8-m.main+fp/hard\libgcc.a(_arm_truncdfsf2.o)
                0x00007ae8                __truncdfsf2
                0x00007ae8                __aeabi_d2f
 .text          0x00007b88       0x30 c:/siliconlabs/simplicitystudio/v5/developer/toolchains/gnu_arm/10.3_2021.10/bin/../lib/gcc/arm-none-eabi/10.3.1/thumb/v8-m.main+fp/hard\libgcc.a(_aeabi_uldivmod.o)
                0x00007b88                __aeabi_uldivmod
 .text          0x00007bb8      0x2ec c:/siliconlabs/simplicitystudio/v5/developer/toolchains/gnu_arm/10.3_2021.10/bin/../lib/gcc/arm-none-eabi/10.3.1/thumb/v8-m.main+fp/hard\libgcc.a(_udivmoddi4.o)
                0x00007bb8                __udivmoddi4
 .text          0x00007ea4        0x4 c:/siliconlabs/simplicitystudio/v5/developer/toolchains/gnu_arm/10.3_2021.10/bin/../lib/gcc/arm-none-eabi/10.3.1/thumb/v8-m.main+fp/hard\libgcc.a(_dvmd_tls.o)
                0x00007ea4                __aeabi_idiv0
                0x00007ea4                __aeabi_ldiv0
 .text.exit     0x00007ea8       0x28 c:/siliconlabs/simplicitystudio/v5/developer/toolchains/gnu_arm/10.3_2021.10/bin/../lib/gcc/arm-none-eabi/10.3.1/../../../../arm-none-eabi/lib/thumb/v8-m.main+fp/hard\libc_nano.a(lib_a-exit.o)
                0x00007ea8                exit
 .text.__libc_init_array
                0x00007ed0       0x48 c:/siliconlabs/simplicitystudio/v5/developer/toolchains/gnu_arm/10.3_2021.10/bin/../lib/gcc/arm-none-eabi/10.3.1/../../../../arm-none-eabi/lib/thumb/v8-m.main+fp/hard\libc_nano.a(lib_a-init.o)
                0x00007ed0                __libc_init_array
 .text.log10f   0x00007f18       0x60 c:/siliconlabs/simplicitystudio/v5/developer/toolchains/gnu_arm/10.3_2021.10/bin/../lib/gcc/arm-none-eabi/10.3.1/../../../../arm-none-eabi/lib/thumb/v8-m.main+fp/hard\libm.a(lib_a-wf_log10.o)
                0x00007f18                log10f
 .text.__ieee754_log10f
                0x00007f78       0xc0 c:/siliconlabs/simplicitystudio/v5/developer/toolchains/gnu_arm/10.3_2021.10/bin/../lib/gcc/arm-none-eabi/10.3.1/../../../../arm-none-eabi/lib/thumb/v8-m.main+fp/hard\libm.a(lib_a-ef_log10.o)
                0x00007f78                __ieee754_log10f
 .text.fabs     0x00008038       0x14 c:/siliconlabs/simplicitystudio/v5/developer/toolchains/gnu_arm/10.3_2021.10/bin/../lib/gcc/arm-none-eabi/10.3.1/../../../../arm-none-eabi/lib/thumb/v8-m.main+fp/hard\libm.a(lib_a-s_fabs.o)
                0x00008038                fabs
 .text.nanf     0x0000804c        0xc c:/siliconlabs/simplicitystudio/v5/developer/toolchains/gnu_arm/10.3_2021.10/bin/../lib/gcc/arm-none-eabi/10.3.1/../../../../arm-none-eabi/lib/thumb/v8-m.main+fp/hard\libm.a(lib_a-sf_nan.o)
                0x0000804c                nanf
 .text.__ieee754_logf
                0x00008058      0x200 c:/siliconlabs/simplicitystudio/v5/developer/toolchains/gnu_arm/10.3_2021.10/bin/../lib/gcc/arm-none-eabi/10.3.1/../../../../arm-none-eabi/lib/thumb/v8-m.main+fp/hard\libm.a(lib_a-ef_log.o)
                0x00008058                __ieee754_logf
 .text.__errno  0x00008258        0xc c:/siliconlabs/simplicitystudio/v5/developer/toolchains/gnu_arm/10.3_2021.10/bin/../lib/gcc/arm-none-eabi/10.3.1/../../../../arm-none-eabi/lib/thumb/v8-m.main+fp/hard\libc_nano.a(lib_a-errno.o)
                0x00008258                __errno
 .text.GPIO_init
                0x00008264       0x26 ./hardware.o
                0x00008264                GPIO_init
 .text.startup.main
                0x0000828a       0x14 ./main.o
                0x0000828a                main
 .text.sl_board_default_init
                0x0000829e        0x4 ./autogen/sl_board_default_init.o
                0x0000829e                sl_board_default_init
 .text.sl_driver_init
                0x000082a2       0x12 ./autogen/sl_event_handler.o
                0x000082a2                sl_driver_init
 .text.sl_service_init
                0x000082b4        0xe ./autogen/sl_event_handler.o
                0x000082b4                sl_service_init
 .text.sl_stack_init
                0x000082c2        0x2 ./autogen/sl_event_handler.o
                0x000082c2                sl_stack_init
 .text.sl_internal_app_init
                0x000082c4        0x2 ./autogen/sl_event_handler.o
                0x000082c4                sl_internal_app_init
 .text.sl_platform_process_action
                0x000082c6        0x2 ./autogen/sl_event_handler.o
                0x000082c6                sl_platform_process_action
 .text.sl_service_process_action
                0x000082c8        0x2 ./autogen/sl_event_handler.o
                0x000082c8                sl_service_process_action
 .text.sl_stack_process_action
                0x000082ca        0x2 ./autogen/sl_event_handler.o
                0x000082ca                sl_stack_process_action
 .text.sl_internal_app_process_action
                0x000082cc        0x2 ./autogen/sl_event_handler.o
                0x000082cc                sl_internal_app_process_action
 .text.USART1_TX_IRQHandler
                0x000082ce        0x4 ./autogen/sl_iostream_init_usart_instances.o
                0x000082ce                USART1_TX_IRQHandler
 .text.sl_board_configure_vcom
                0x000082d2        0x4 ./gecko_sdk_4.3.2/hardware/board/src/sl_board_control_gpio.o
                0x000082d2                sl_board_configure_vcom
 .text.sl_board_disable_vcom
                0x000082d6        0x4 ./gecko_sdk_4.3.2/hardware/board/src/sl_board_control_gpio.o
                0x000082d6                sl_board_disable_vcom
 .text.sl_board_init
                0x000082da       0x12 ./gecko_sdk_4.3.2/hardware/board/src/sl_board_init.o
                0x000082da                sl_board_init
 .text.sl_board_preinit
                0x000082ec        0x8 ./gecko_sdk_4.3.2/hardware/board/src/sl_board_init.o
                0x000082ec                sl_board_preinit
 .text.sli_cos_swo_itm_8_write.constprop.0.isra.0
                0x000082f4       0x60 ./gecko_sdk_4.3.2/hardware/driver/configuration_over_swo/src/sl_cos.o
 .text.sl_cos_send_config
                0x00008354       0x12 ./gecko_sdk_4.3.2/hardware/driver/configuration_over_swo/src/sl_cos.o
                0x00008354                sl_cos_send_config
 .text.sl_cos_config_vcom
                0x00008366       0x1e ./gecko_sdk_4.3.2/hardware/driver/configuration_over_swo/src/sl_cos.o
                0x00008366                sl_cos_config_vcom
 .text.Default_Handler
                0x00008384        0x2 ./gecko_sdk_4.3.2/platform/Device/SiliconLabs/EFR32BG22/Source/startup_efr32bg22.o
                0x00008384                ULFRCO_IRQHandler
                0x00008384                SW2_IRQHandler
                0x00008384                TIMER2_IRQHandler
                0x00008384                DebugMon_Handler
                0x00008384                PKE_IRQHandler
                0x00008384                USART0_TX_IRQHandler
                0x00008384                PRORTC_IRQHandler
                0x00008384                IADC_IRQHandler
                0x00008384                I2C0_IRQHandler
                0x00008384                LFXO_IRQHandler
                0x00008384                CRYPTOACC_IRQHandler
                0x00008384                HardFault_Handler
                0x00008384                SMU_SECURE_IRQHandler
                0x00008384                SysTick_Handler
                0x00008384                EMUEFP_IRQHandler
                0x00008384                PendSV_Handler
                0x00008384                NMI_Handler
                0x00008384                SYNTH_IRQHandler
                0x00008384                HFXO0_IRQHandler
                0x00008384                I2C1_IRQHandler
                0x00008384                PDM_IRQHandler
                0x00008384                WDOG0_IRQHandler
                0x00008384                TIMER3_IRQHandler
                0x00008384                SYSCFG_IRQHandler
                0x00008384                EMUSE_IRQHandler
                0x00008384                EMUDG_IRQHandler
                0x00008384                MSC_IRQHandler
                0x00008384                DPLL0_IRQHandler
                0x00008384                UsageFault_Handler
                0x00008384                M33CTI1_IRQHandler
                0x00008384                TIMER4_IRQHandler
                0x00008384                GPIO_EVEN_IRQHandler
                0x00008384                SW0_IRQHandler
                0x00008384                TIMER0_IRQHandler
                0x00008384                LETIMER0_IRQHandler
                0x00008384                TIMER1_IRQHandler
                0x00008384                HFRCO0_IRQHandler
                0x00008384                RFSENSE_IRQHandler
                0x00008384                SecureFault_Handler
                0x00008384                BUFC_IRQHandler
                0x00008384                DCDC_IRQHandler
                0x00008384                MODEM_IRQHandler
                0x00008384                Default_Handler
                0x00008384                RAC_SEQ_IRQHandler
                0x00008384                FRC_PRI_IRQHandler
                0x00008384                EMU_IRQHandler
                0x00008384                SW3_IRQHandler
                0x00008384                KERNEL0_IRQHandler
                0x00008384                FRC_IRQHandler
                0x00008384                KERNEL1_IRQHandler
                0x00008384                AGC_IRQHandler
                0x00008384                sl_app_properties
                0x00008384                BURTC_IRQHandler
                0x00008384                LFRCO_IRQHandler
                0x00008384                USART0_RX_IRQHandler
                0x00008384                MemManage_Handler
                0x00008384                RDMAILBOX_IRQHandler
                0x00008384                SVC_Handler
                0x00008384                RTCC_IRQHandler
                0x00008384                SMU_S_PRIVILEGED_IRQHandler
                0x00008384                SW1_IRQHandler
                0x00008384                CMU_IRQHandler
                0x00008384                RAC_RSM_IRQHandler
                0x00008384                EUART0_TX_IRQHandler
                0x00008384                EUART0_RX_IRQHandler
                0x00008384                GPIO_ODD_IRQHandler
                0x00008384                AES_IRQHandler
                0x00008384                M33CTI0_IRQHandler
                0x00008384                ICACHE0_IRQHandler
                0x00008384                SMU_NS_PRIVILEGED_IRQHandler
                0x00008384                PROTIMER_IRQHandler
                0x00008384                BusFault_Handler
                0x00008384                TRNG_IRQHandler
 .text.SystemCLKIN0Get
                0x00008386        0x4 ./gecko_sdk_4.3.2/platform/Device/SiliconLabs/EFR32BG22/Source/system_efr32bg22.o
                0x00008386                SystemCLKIN0Get
 .text.SystemLFRCOClockGet
                0x0000838a        0x6 ./gecko_sdk_4.3.2/platform/Device/SiliconLabs/EFR32BG22/Source/system_efr32bg22.o
                0x0000838a                SystemLFRCOClockGet
 .text.SystemULFRCOClockGet
                0x00008390        0x6 ./gecko_sdk_4.3.2/platform/Device/SiliconLabs/EFR32BG22/Source/system_efr32bg22.o
                0x00008390                SystemULFRCOClockGet
 .text.assertEFM
                0x00008396        0x2 ./gecko_sdk_4.3.2/platform/common/src/sl_assert.o
                0x00008396                assertEFM
 .text.sl_debug_swo_enable_itm
                0x00008398       0x18 ./gecko_sdk_4.3.2/platform/driver/debug/src/sl_debug_swo.o
                0x00008398                sl_debug_swo_enable_itm
 .text.sl_debug_swo_disable_itm
                0x000083b0       0x1a ./gecko_sdk_4.3.2/platform/driver/debug/src/sl_debug_swo.o
                0x000083b0                sl_debug_swo_disable_itm
 .text.DMADRV_PeripheralMemory
                0x000083ca       0x34 ./gecko_sdk_4.3.2/platform/emdrv/dmadrv/src/dmadrv.o
                0x000083ca                DMADRV_PeripheralMemory
 .text.waitStateMax
                0x000083fe       0x10 ./gecko_sdk_4.3.2/platform/emlib/src/em_cmu.o
 .text.CMU_UpdateWaitStates
                0x0000840e        0xc ./gecko_sdk_4.3.2/platform/emlib/src/em_cmu.o
                0x0000840e                CMU_UpdateWaitStates
 .text.pclkDivMax
                0x0000841a        0xa ./gecko_sdk_4.3.2/platform/emlib/src/em_cmu.o
 .text.sli_em_cmu_SYSCLKInitPostClockSelect
                0x00008424       0x2a ./gecko_sdk_4.3.2/platform/emlib/src/em_cmu.o
                0x00008424                sli_em_cmu_SYSCLKInitPostClockSelect
 .text.CORE_EnterCritical
                0x0000844e        0x8 ./gecko_sdk_4.3.2/platform/emlib/src/em_core.o
                0x0000844e                CORE_EnterCritical
 .text.CORE_ExitCritical
                0x00008456        0x6 ./gecko_sdk_4.3.2/platform/emlib/src/em_core.o
                0x00008456                CORE_ExitCritical
 .text.CORE_EnterAtomic
                0x0000845c        0xc ./gecko_sdk_4.3.2/platform/emlib/src/em_core.o
                0x0000845c                CORE_EnterAtomic
 .text.CORE_ExitAtomic
                0x00008468        0x6 ./gecko_sdk_4.3.2/platform/emlib/src/em_core.o
                0x00008468                CORE_ExitAtomic
 .text.EMU_EFPEM01VScale
                0x0000846e        0x2 ./gecko_sdk_4.3.2/platform/emlib/src/em_emu.o
                0x0000846e                EMU_EFPEM01VScale
 .text.EMU_DCDCUpdatedHook
                0x00008470        0x2 ./gecko_sdk_4.3.2/platform/emlib/src/em_emu.o
                0x00008470                EMU_DCDCUpdatedHook
 .text.BUS_RegMaskedWrite
                0x00008472       0x22 ./gecko_sdk_4.3.2/platform/emlib/src/em_gpio.o
 .text.GPIO_DbgLocationSet
                0x00008494        0x2 ./gecko_sdk_4.3.2/platform/emlib/src/em_gpio.o
                0x00008494                GPIO_DbgLocationSet
 .text.IADC_disable
                0x00008496       0x10 ./gecko_sdk_4.3.2/platform/emlib/src/em_iadc.o
 .text.USART_Tx
                0x000084a6        0xa ./gecko_sdk_4.3.2/platform/emlib/src/em_usart.o
                0x000084a6                USART_Tx
 .text.sl_iostream_write
                0x000084b0       0x28 ./gecko_sdk_4.3.2/platform/service/iostream/src/sl_iostream.o
                0x000084b0                sl_iostream_write
 .text.sl_iostream_putchar
                0x000084d8       0x16 ./gecko_sdk_4.3.2/platform/service/iostream/src/sl_iostream.o
                0x000084d8                sl_iostream_putchar
 .text._exit    0x000084ee        0x2 ./gecko_sdk_4.3.2/platform/service/iostream/src/sl_iostream_retarget_stdio.o
                0x000084ee                _exit
 .text.set_auto_cr_lf
                0x000084f0        0x6 ./gecko_sdk_4.3.2/platform/service/iostream/src/sl_iostream_uart.o
 .text.get_auto_cr_lf
                0x000084f6        0x6 ./gecko_sdk_4.3.2/platform/service/iostream/src/sl_iostream_uart.o
 .text.usart_set_next_byte_detect
                0x000084fc        0xc ./gecko_sdk_4.3.2/platform/service/iostream/src/sl_iostream_usart.o
 .text.usart_deinit
                0x00008508       0x78 ./gecko_sdk_4.3.2/platform/service/iostream/src/sl_iostream_usart.o
 .text.usart_tx
                0x00008580        0xc ./gecko_sdk_4.3.2/platform/service/iostream/src/sl_iostream_usart.o
 .text.sl_iostream_usart_irq_handler
                0x0000858c       0x70 ./gecko_sdk_4.3.2/platform/service/iostream/src/sl_iostream_usart.o
                0x0000858c                sl_iostream_usart_irq_handler
 .text.sl_system_init
                0x000085fc       0x1a ./gecko_sdk_4.3.2/platform/service/system/src/sl_system_init.o
                0x000085fc                sl_system_init
 .text.sl_system_process_action
                0x00008616       0x16 ./gecko_sdk_4.3.2/platform/service/system/src/sl_system_process_action.o
                0x00008616                sl_system_process_action
 .text._out_null
                0x0000862c        0x2 ./gecko_sdk_4.3.2/util/third_party/printf/printf.o
 .text._out_rev
                0x0000862e       0x86 ./gecko_sdk_4.3.2/util/third_party/printf/printf.o
 .text._ntoa_format
                0x000086b4      0x10a ./gecko_sdk_4.3.2/util/third_party/printf/printf.o
 .text._ntoa_long
                0x000087be       0x84 ./gecko_sdk_4.3.2/util/third_party/printf/printf.o
 .text._ntoa_long_long
                0x00008842       0xb6 ./gecko_sdk_4.3.2/util/third_party/printf/printf.o
 .text._out_char
                0x000088f8        0x8 ./gecko_sdk_4.3.2/util/third_party/printf/printf.o
 .text._putchar
                0x00008900        0x8 ./gecko_sdk_4.3.2/util/third_party/printf/src/iostream_printf.o
                0x00008900                _putchar
 .text.memcpy   0x00008908       0x1a c:/siliconlabs/simplicitystudio/v5/developer/toolchains/gnu_arm/10.3_2021.10/bin/../lib/gcc/arm-none-eabi/10.3.1/../../../../arm-none-eabi/lib/thumb/v8-m.main+fp/hard\libc_nano.a(lib_a-memcpy-stub.o)
                0x00008908                memcpy
 .text.memset   0x00008922       0x10 c:/siliconlabs/simplicitystudio/v5/developer/toolchains/gnu_arm/10.3_2021.10/bin/../lib/gcc/arm-none-eabi/10.3.1/../../../../arm-none-eabi/lib/thumb/v8-m.main+fp/hard\libc_nano.a(lib_a-memset.o)
                0x00008922                memset
                0x00008932                linker_code_end = .
 *(.init)
 *fill*         0x00008932        0x2 
 .init          0x00008934        0x4 c:/siliconlabs/simplicitystudio/v5/developer/toolchains/gnu_arm/10.3_2021.10/bin/../lib/gcc/arm-none-eabi/10.3.1/thumb/v8-m.main+fp/hard/crti.o
                0x00008934                _init
 .init          0x00008938        0x8 c:/siliconlabs/simplicitystudio/v5/developer/toolchains/gnu_arm/10.3_2021.10/bin/../lib/gcc/arm-none-eabi/10.3.1/thumb/v8-m.main+fp/hard/crtn.o
 *(.fini)
 .fini          0x00008940        0x4 c:/siliconlabs/simplicitystudio/v5/developer/toolchains/gnu_arm/10.3_2021.10/bin/../lib/gcc/arm-none-eabi/10.3.1/thumb/v8-m.main+fp/hard/crti.o
                0x00008940                _fini
 .fini          0x00008944        0x8 c:/siliconlabs/simplicitystudio/v5/developer/toolchains/gnu_arm/10.3_2021.10/bin/../lib/gcc/arm-none-eabi/10.3.1/thumb/v8-m.main+fp/hard/crtn.o
 *crtbegin.o(.ctors)
 *crtbegin?.o(.ctors)
 *(EXCLUDE_FILE(*crtend.o *crtend?.o) .ctors)
 *(SORT_BY_NAME(.ctors.*))
 *(.ctors)
 *crtbegin.o(.dtors)
 *crtbegin?.o(.dtors)
 *(EXCLUDE_FILE(*crtend.o *crtend?.o) .dtors)
 *(SORT_BY_NAME(.dtors.*))
 *(.dtors)
 *(.rodata*)
 .rodata        0x0000894c       0x28 ./adc.o
 .rodata.app_init.str1.1
                0x00008974       0x15 ./app.o
 *fill*         0x00008989        0x3 
 .rodata        0x0000898c       0x1c ./mcp4162.o
 .rodata.barHeights
                0x000089a8        0x9 ./ssd1306.o
                0x000089a8                barHeights
 .rodata.init   0x000089b1       0x13 ./ssd1306.o
 .rodata.sl_iostream_usart_init_vcom.str1.1
                0x000089c4       0x2e ./autogen/sl_iostream_init_usart_instances.o
 *fill*         0x000089f2        0x2 
 .rodata        0x000089f4       0x1c ./autogen/sl_iostream_init_usart_instances.o
 .rodata.I2CSPM_Init.str1.1
                0x00008a10       0xa2 ./gecko_sdk_4.3.2/platform/driver/i2cspm/src/sl_i2cspm.o
 .rodata        0x00008ab2        0x4 ./gecko_sdk_4.3.2/platform/emdrv/dmadrv/src/dmadrv.o
 .rodata.HFRCODPLLDevinfoGet.str1.1
                0x00008ab6       0x4b ./gecko_sdk_4.3.2/platform/emlib/src/em_cmu.o
 .rodata.CSWTCH.78
                0x00008b01        0x7 ./gecko_sdk_4.3.2/platform/emlib/src/em_cmu.o
 .rodata.CSWTCH.79
                0x00008b08        0x4 ./gecko_sdk_4.3.2/platform/emlib/src/em_cmu.o
 .rodata.EMU_VScaleEM01.str1.1
                0x00008b0c       0x4b ./gecko_sdk_4.3.2/platform/emlib/src/em_emu.o
 .rodata.GPIO_PinOutSet.str1.1
                0x00008b57       0x4c ./gecko_sdk_4.3.2/platform/emlib/src/em_gpio.o
 .rodata.GPIO_ExtIntConfig.str1.1
                0x00008b57       0x4c ./gecko_sdk_4.3.2/platform/emlib/src/em_gpio.o
 .rodata.I2C_BusFreqGet.str1.1
                0x00008ba3       0x4b ./gecko_sdk_4.3.2/platform/emlib/src/em_i2c.o
 *fill*         0x00008bee        0x2 
 .rodata.CSWTCH.13
                0x00008bf0        0xc ./gecko_sdk_4.3.2/platform/emlib/src/em_i2c.o
 .rodata.CSWTCH.14
                0x00008bfc        0xc ./gecko_sdk_4.3.2/platform/emlib/src/em_i2c.o
 .rodata.i2cNSum
                0x00008c08        0x4 ./gecko_sdk_4.3.2/platform/emlib/src/em_i2c.o
 .rodata.IADC_initScan.str1.1
                0x00008c0c       0x4c ./gecko_sdk_4.3.2/platform/emlib/src/em_iadc.o
 .rodata.LDMA_EnableChannelRequest.str1.1
                0x00008c58       0x97 ./gecko_sdk_4.3.2/platform/emlib/src/em_ldma.o
 .rodata.USART_BaudrateAsyncSet.str1.1
                0x00008cef       0x4d ./gecko_sdk_4.3.2/platform/emlib/src/em_usart.o
 .rodata        0x00008d3c        0x8 ./gecko_sdk_4.3.2/platform/service/device_init/src/sl_device_init_dcdc_s2.o
 .rodata        0x00008d44       0x28 ./gecko_sdk_4.3.2/platform/service/device_init/src/sl_device_init_hfxo_s2.o
 .rodata        0x00008d6c       0x14 ./gecko_sdk_4.3.2/platform/service/device_init/src/sl_device_init_lfxo_s2.o
 .rodata.get_write_ptr.str1.1
                0x00008d80       0x60 ./gecko_sdk_4.3.2/platform/service/iostream/src/sl_iostream_uart.o
 .rodata.sl_udelay_wait.str1.1
                0x00008de0       0x57 ./gecko_sdk_4.3.2/platform/service/udelay/src/sl_udelay.o
 .rodata._ftoa.str1.1
                0x00008e37       0x12 ./gecko_sdk_4.3.2/util/third_party/printf/printf.o
 *fill*         0x00008e49        0x7 
 .rodata.pow10.0
                0x00008e50       0x50 ./gecko_sdk_4.3.2/util/third_party/printf/printf.o
 .rodata.arm_cfft_sR_f32_len1024
                0x00008ea0       0x10 C:/Users/nateb/SimplicityStudio/SDKs/gecko_sdk//util/third_party/cmsis_dsp/libs/GCC/cortex-m33/libCMSISDSPCommon.a(arm_const_structs.c.o)
                0x00008ea0                arm_cfft_sR_f32_len1024
 .rodata.armBitRevIndexTable1024
                0x00008eb0      0xe10 C:/Users/nateb/SimplicityStudio/SDKs/gecko_sdk//util/third_party/cmsis_dsp/libs/GCC/cortex-m33/libCMSISDSPCommon.a(arm_common_tables.c.o)
                0x00008eb0                armBitRevIndexTable1024
 .rodata.twiddleCoef_1024
                0x00009cc0     0x2000 C:/Users/nateb/SimplicityStudio/SDKs/gecko_sdk//util/third_party/cmsis_dsp/libs/GCC/cortex-m33/libCMSISDSPCommon.a(arm_common_tables.c.o)
                0x00009cc0                twiddleCoef_1024
 .rodata._global_impure_ptr
                0x0000bcc0        0x4 c:/siliconlabs/simplicitystudio/v5/developer/toolchains/gnu_arm/10.3_2021.10/bin/../lib/gcc/arm-none-eabi/10.3.1/../../../../arm-none-eabi/lib/thumb/v8-m.main+fp/hard\libc_nano.a(lib_a-impure.o)
                0x0000bcc0                _global_impure_ptr
 .rodata.log10f.str1.4
                0x0000bcc4        0x1 c:/siliconlabs/simplicitystudio/v5/developer/toolchains/gnu_arm/10.3_2021.10/bin/../lib/gcc/arm-none-eabi/10.3.1/../../../../arm-none-eabi/lib/thumb/v8-m.main+fp/hard\libm.a(lib_a-wf_log10.o)
 *fill*         0x0000bcc5        0x3 
 .rodata.npio2_hw
                0x0000bcc8       0x80 c:/siliconlabs/simplicitystudio/v5/developer/toolchains/gnu_arm/10.3_2021.10/bin/../lib/gcc/arm-none-eabi/10.3.1/../../../../arm-none-eabi/lib/thumb/v8-m.main+fp/hard\libm.a(lib_a-e_rem_pio2.o)
 .rodata.two_over_pi
                0x0000bd48      0x108 c:/siliconlabs/simplicitystudio/v5/developer/toolchains/gnu_arm/10.3_2021.10/bin/../lib/gcc/arm-none-eabi/10.3.1/../../../../arm-none-eabi/lib/thumb/v8-m.main+fp/hard\libm.a(lib_a-e_rem_pio2.o)
 .rodata.PIo2   0x0000be50       0x40 c:/siliconlabs/simplicitystudio/v5/developer/toolchains/gnu_arm/10.3_2021.10/bin/../lib/gcc/arm-none-eabi/10.3.1/../../../../arm-none-eabi/lib/thumb/v8-m.main+fp/hard\libm.a(lib_a-k_rem_pio2.o)
 .rodata.init_jk
                0x0000be90       0x10 c:/siliconlabs/simplicitystudio/v5/developer/toolchains/gnu_arm/10.3_2021.10/bin/../lib/gcc/arm-none-eabi/10.3.1/../../../../arm-none-eabi/lib/thumb/v8-m.main+fp/hard\libm.a(lib_a-k_rem_pio2.o)
 *(.eh_frame*)
 .eh_frame      0x0000bea0        0x0 c:/siliconlabs/simplicitystudio/v5/developer/toolchains/gnu_arm/10.3_2021.10/bin/../lib/gcc/arm-none-eabi/10.3.1/thumb/v8-m.main+fp/hard/crtbegin.o

.glue_7         0x0000bea0        0x0
 .glue_7        0x0000bea0        0x0 linker stubs

.glue_7t        0x0000bea0        0x0
 .glue_7t       0x0000bea0        0x0 linker stubs

.vfp11_veneer   0x0000bea0        0x0
 .vfp11_veneer  0x0000bea0        0x0 linker stubs

.v4_bx          0x0000bea0        0x0
 .v4_bx         0x0000bea0        0x0 linker stubs

.iplt           0x0000bea0        0x0
 .iplt          0x0000bea0        0x0 c:/siliconlabs/simplicitystudio/v5/developer/toolchains/gnu_arm/10.3_2021.10/bin/../lib/gcc/arm-none-eabi/10.3.1/thumb/v8-m.main+fp/hard/crtbegin.o

.ARM.extab
 *(.ARM.extab* .gnu.linkonce.armextab.*)
                0x0000bea0                __exidx_start = .

.ARM.exidx      0x0000bea0        0x8
 *(.ARM.exidx* .gnu.linkonce.armexidx.*)
 .ARM.exidx     0x0000bea0        0x8 c:/siliconlabs/simplicitystudio/v5/developer/toolchains/gnu_arm/10.3_2021.10/bin/../lib/gcc/arm-none-eabi/10.3.1/../../../../arm-none-eabi/lib/thumb/v8-m.main+fp/hard/crt0.o
                                 0x10 (size before relaxing)
 .ARM.exidx     0x0000bea8        0x0 c:/siliconlabs/simplicitystudio/v5/developer/toolchains/gnu_arm/10.3_2021.10/bin/../lib/gcc/arm-none-eabi/10.3.1/thumb/v8-m.main+fp/hard\libgcc.a(_udivmoddi4.o)
                                  0x8 (size before relaxing)
                0x0000bea8                __exidx_end = .

.rel.dyn        0x0000bea8        0x0
 .rel.iplt      0x0000bea8        0x0 c:/siliconlabs/simplicitystudio/v5/developer/toolchains/gnu_arm/10.3_2021.10/bin/../lib/gcc/arm-none-eabi/10.3.1/thumb/v8-m.main+fp/hard/crtbegin.o

.copy.table     0x0000bea8        0xc
                0x0000bea8                . = ALIGN (0x4)
                0x0000bea8                __copy_table_start__ = .
                0x0000bea8        0x4 LONG 0xbeb4 __etext
                0x0000beac        0x4 LONG 0x20001000 __data_start__
                0x0000beb0        0x4 LONG 0x27 ((__data_end__ - __data_start__) / 0x4)
                0x0000beb4                __copy_table_end__ = .

.zero.table     0x0000beb4        0x0
                0x0000beb4                . = ALIGN (0x4)
                0x0000beb4                __zero_table_start__ = .
                0x0000beb4                __zero_table_end__ = .
                0x0000beb4                __etext = .
                0x20000000                . = ORIGIN (RAM)

.stack          0x20000000     0x1000
                0x20000000                __StackLimit = .
 *(.stack*)
 .stack         0x20000000     0x1000 ./gecko_sdk_4.3.2/platform/common/toolchain/src/sl_memory.o
                0x20001000                . = ALIGN (0x4)
                0x20001000                __StackTop = .
                0x20001000                PROVIDE (__stack = __StackTop)

.noinit
 *(.noinit*)

.data           0x20001000       0x9c load address 0x0000beb4
                0x20001000                . = ALIGN (0x4)
                0x20001000                __data_start__ = .
 *(vtable)
 *(SORT_BY_ALIGNMENT(.data*))
 .data.init_mikroe
                0x20001000       0x14 ./autogen/sl_i2cspm_init.o
                0x20001000                init_mikroe
 .data.SystemCoreClock
                0x20001014        0x4 ./gecko_sdk_4.3.2/platform/Device/SiliconLabs/EFR32BG22/Source/system_efr32bg22.o
                0x20001014                SystemCoreClock
 .data.SystemHFRCODPLLClock
                0x20001018        0x4 ./gecko_sdk_4.3.2/platform/Device/SiliconLabs/EFR32BG22/Source/system_efr32bg22.o
 .data.SystemHFXOClock
                0x2000101c        0x4 ./gecko_sdk_4.3.2/platform/Device/SiliconLabs/EFR32BG22/Source/system_efr32bg22.o
 .data.SystemLFXOClock
                0x20001020        0x4 ./gecko_sdk_4.3.2/platform/Device/SiliconLabs/EFR32BG22/Source/system_efr32bg22.o
 .data._impure_ptr
                0x20001024        0x4 c:/siliconlabs/simplicitystudio/v5/developer/toolchains/gnu_arm/10.3_2021.10/bin/../lib/gcc/arm-none-eabi/10.3.1/../../../../arm-none-eabi/lib/thumb/v8-m.main+fp/hard\libc_nano.a(lib_a-impure.o)
                0x20001024                _impure_ptr
 .data.impure_data
                0x20001028       0x60 c:/siliconlabs/simplicitystudio/v5/developer/toolchains/gnu_arm/10.3_2021.10/bin/../lib/gcc/arm-none-eabi/10.3.1/../../../../arm-none-eabi/lib/thumb/v8-m.main+fp/hard\libc_nano.a(lib_a-impure.o)
 .data.hfxo_precision
                0x20001088        0x2 ./gecko_sdk_4.3.2/platform/emlib/src/em_cmu.o
 .data.lfxo_precision
                0x2000108a        0x2 ./gecko_sdk_4.3.2/platform/emlib/src/em_cmu.o
 .data.setXY    0x2000108c        0x7 ./ssd1306.o
                0x20001094                . = ALIGN (0x4)
 *fill*         0x20001093        0x1 
                [!provide]                PROVIDE (__ram_func_section_start = .)
 *(.ram)
                [!provide]                PROVIDE (__ram_func_section_end = .)
                0x20001094                . = ALIGN (0x4)
                0x20001094                PROVIDE (__preinit_array_start = .)
 *(.preinit_array)
                0x20001094                PROVIDE (__preinit_array_end = .)
                0x20001094                . = ALIGN (0x4)
                0x20001094                PROVIDE (__init_array_start = .)
 *(SORT_BY_NAME(.init_array.*))
 *(.init_array)
 .init_array    0x20001094        0x4 c:/siliconlabs/simplicitystudio/v5/developer/toolchains/gnu_arm/10.3_2021.10/bin/../lib/gcc/arm-none-eabi/10.3.1/thumb/v8-m.main+fp/hard/crtbegin.o
                0x20001098                PROVIDE (__init_array_end = .)
                0x20001098                . = ALIGN (0x4)
                [!provide]                PROVIDE (__fini_array_start = .)
 *(SORT_BY_NAME(.fini_array.*))
 *(.fini_array)
 .fini_array    0x20001098        0x4 c:/siliconlabs/simplicitystudio/v5/developer/toolchains/gnu_arm/10.3_2021.10/bin/../lib/gcc/arm-none-eabi/10.3.1/thumb/v8-m.main+fp/hard/crtbegin.o
                [!provide]                PROVIDE (__fini_array_end = .)
                0x2000109c                . = ALIGN (0x4)
                0x2000109c                __data_end__ = .

.igot.plt       0x2000109c        0x0 load address 0x0000bf50
 .igot.plt      0x2000109c        0x0 c:/siliconlabs/simplicitystudio/v5/developer/toolchains/gnu_arm/10.3_2021.10/bin/../lib/gcc/arm-none-eabi/10.3.1/thumb/v8-m.main+fp/hard/crtbegin.o

.bss            0x2000109c     0x6360 load address 0x0000bf50
                0x2000109c                . = ALIGN (0x4)
                0x2000109c                __bss_start__ = .
 *(SORT_BY_ALIGNMENT(.bss*))
 .bss           0x2000109c       0x1c c:/siliconlabs/simplicitystudio/v5/developer/toolchains/gnu_arm/10.3_2021.10/bin/../lib/gcc/arm-none-eabi/10.3.1/thumb/v8-m.main+fp/hard/crtbegin.o
 .bss.data      0x200010b8     0x1000 ./app.o
 .bss.i         0x200020b8        0x4 ./app.o
 .bss.interleavedData
                0x200020bc     0x2000 ./app.o
 .bss.output    0x200040bc       0x40 ./app.o
 .bss.windowTable
                0x200040fc     0x1000 ./app.o
 .bss.buffer    0x200050fc     0x1000 ./hardware.o
                0x200050fc                buffer
 .bss.descriptor
                0x200060fc       0x10 ./hardware.o
 .bss.dma_channel
                0x2000610c        0x4 ./hardware.o
 .bss.transferCfg
                0x20006110       0x10 ./hardware.o
 .bss.seq       0x20006120       0x14 ./ssd1306.o
 .bss.context_vcom
                0x20006134       0x4c ./autogen/sl_iostream_init_usart_instances.o
 .bss.sl_iostream_vcom
                0x20006180       0x18 ./autogen/sl_iostream_init_usart_instances.o
 .bss.chTable   0x20006198       0x80 ./gecko_sdk_4.3.2/platform/emdrv/dmadrv/src/dmadrv.o
 .bss.dmaXfer   0x20006218      0x100 ./gecko_sdk_4.3.2/platform/emdrv/dmadrv/src/dmadrv.o
 .bss.i2cTransfer
                0x20006318       0x18 ./gecko_sdk_4.3.2/platform/emlib/src/em_i2c.o
 .bss.sli_iostream_default
                0x20006330        0x4 ./gecko_sdk_4.3.2/platform/service/iostream/src/sl_iostream.o
 .bss.avgWaveTable
                0x20006334      0x800 ./ssd1306.o
 .bss.avgWaveTablePrev
                0x20006b34      0x800 ./ssd1306.o
 .bss.adcReady  0x20007334        0x1 ./adc.o
                0x20007334                adcReady
 .bss.heights   0x20007335       0x10 ./app.o
                0x20007335                heights
 .bss.heights_old
                0x20007345       0x10 ./app.o
 .bss.avgWaveCount
                0x20007355        0x1 ./ssd1306.o
 .bss.buffer    0x20007356       0x81 ./ssd1306.o
 .bss.rx_buffer_vcom
                0x200073d7       0x20 ./autogen/sl_iostream_init_usart_instances.o
 .bss.initialized
                0x200073f7        0x1 ./gecko_sdk_4.3.2/platform/emdrv/dmadrv/src/dmadrv.o
 .bss.ctuneDelta
                0x200073f8        0x1 ./gecko_sdk_4.3.2/platform/emlib/src/em_cmu.o
 .bss.vScaleEM01Config
                0x200073f9        0x1 ./gecko_sdk_4.3.2/platform/emlib/src/em_emu.o
 *(COMMON)
                0x200073fc                . = ALIGN (0x4)
 *fill*         0x200073fa        0x2 
                0x200073fc                __bss_end__ = .

.heap           0x20007400      0x800
                0x20007400                __HeapBase = .
                0x20007400                __end__ = .
                0x20007400                end = __end__
                0x20007400                _end = __end__
 *(.heap*)
 .heap          0x20007400      0x800 ./gecko_sdk_4.3.2/platform/common/toolchain/src/sl_memory.o
                0x20008000                __HeapLimit = (ORIGIN (RAM) + LENGTH (RAM))
                0x00000c00                __heap_size = (__HeapLimit - __HeapBase)
                0x20008000                __ram_end__ = 0x20008000
                0x0007e000                __main_flash_end__ = 0x7e000

.internal_storage
                0x0000beb4        0x0
 *(.internal_storage*)

.nvm            0x0000beb4        0x0
 *(.simee*)
                0x0007e000                linker_nvm_end = __main_flash_end__
                0x0007e000                linker_nvm_begin = (linker_nvm_end - SIZEOF (.nvm))
                0x00000000                linker_nvm_size = SIZEOF (.nvm)
                0x0007e000                linker_storage_end = linker_nvm_begin
                0x0007e000                __nvm3Base = linker_nvm_begin
                0x0007e000                linker_storage_begin = (linker_storage_end - SIZEOF (.internal_storage))
                0x00000000                linker_storage_size = SIZEOF (.internal_storage)
                0x00000001                ASSERT ((linker_storage_begin >= (__etext + SIZEOF (.data))), FLASH memory overflowed !)
OUTPUT(SpectrAn.axf elf32-littlearm)
LOAD linker stubs

.ARM.attributes
                0x00000000       0x38
 .ARM.attributes
                0x00000000       0x22 c:/siliconlabs/simplicitystudio/v5/developer/toolchains/gnu_arm/10.3_2021.10/bin/../lib/gcc/arm-none-eabi/10.3.1/thumb/v8-m.main+fp/hard/crti.o
 .ARM.attributes
                0x00000022       0x38 c:/siliconlabs/simplicitystudio/v5/developer/toolchains/gnu_arm/10.3_2021.10/bin/../lib/gcc/arm-none-eabi/10.3.1/thumb/v8-m.main+fp/hard/crtbegin.o
 .ARM.attributes
                0x0000005a       0x20 c:/siliconlabs/simplicitystudio/v5/developer/toolchains/gnu_arm/10.3_2021.10/bin/../lib/gcc/arm-none-eabi/10.3.1/../../../../arm-none-eabi/lib/thumb/v8-m.main+fp/hard/crt0.o
 .ARM.attributes
                0x0000007a       0x3a ./adc.o
 .ARM.attributes
                0x000000b4       0x3a ./app.o
 .ARM.attributes
                0x000000ee       0x3a ./hardware.o
 .ARM.attributes
                0x00000128       0x3a ./main.o
 .ARM.attributes
                0x00000162       0x3a ./mcp4162.o
 .ARM.attributes
                0x0000019c       0x3a ./ssd1306.o
 .ARM.attributes
                0x000001d6       0x3a ./autogen/sl_board_default_init.o
 .ARM.attributes
                0x00000210       0x3a ./autogen/sl_device_init_clocks.o
 .ARM.attributes
                0x0000024a       0x3a ./autogen/sl_event_handler.o
 .ARM.attributes
                0x00000284       0x3a ./autogen/sl_i2cspm_init.o
 .ARM.attributes
                0x000002be       0x3a ./autogen/sl_iostream_init_usart_instances.o
 .ARM.attributes
                0x000002f8       0x3a ./gecko_sdk_4.3.2/hardware/board/src/sl_board_control_gpio.o
 .ARM.attributes
                0x00000332       0x3a ./gecko_sdk_4.3.2/hardware/board/src/sl_board_init.o
 .ARM.attributes
                0x0000036c       0x3a ./gecko_sdk_4.3.2/hardware/driver/configuration_over_swo/src/sl_cos.o
 .ARM.attributes
                0x000003a6       0x3a ./gecko_sdk_4.3.2/platform/Device/SiliconLabs/EFR32BG22/Source/startup_efr32bg22.o
 .ARM.attributes
                0x000003e0       0x3a ./gecko_sdk_4.3.2/platform/Device/SiliconLabs/EFR32BG22/Source/system_efr32bg22.o
 .ARM.attributes
                0x0000041a       0x3a ./gecko_sdk_4.3.2/platform/common/src/sl_assert.o
 .ARM.attributes
                0x00000454       0x3a ./gecko_sdk_4.3.2/platform/common/toolchain/src/sl_memory.o
 .ARM.attributes
                0x0000048e       0x3a ./gecko_sdk_4.3.2/platform/driver/debug/src/sl_debug_swo.o
 .ARM.attributes
                0x000004c8       0x3a ./gecko_sdk_4.3.2/platform/driver/i2cspm/src/sl_i2cspm.o
 .ARM.attributes
                0x00000502       0x3a ./gecko_sdk_4.3.2/platform/emdrv/dmadrv/src/dmadrv.o
 .ARM.attributes
                0x0000053c       0x3a ./gecko_sdk_4.3.2/platform/emlib/src/em_cmu.o
 .ARM.attributes
                0x00000576       0x3a ./gecko_sdk_4.3.2/platform/emlib/src/em_core.o
 .ARM.attributes
                0x000005b0       0x3a ./gecko_sdk_4.3.2/platform/emlib/src/em_emu.o
 .ARM.attributes
                0x000005ea       0x3a ./gecko_sdk_4.3.2/platform/emlib/src/em_gpio.o
 .ARM.attributes
                0x00000624       0x3a ./gecko_sdk_4.3.2/platform/emlib/src/em_i2c.o
 .ARM.attributes
                0x0000065e       0x3a ./gecko_sdk_4.3.2/platform/emlib/src/em_iadc.o
 .ARM.attributes
                0x00000698       0x3a ./gecko_sdk_4.3.2/platform/emlib/src/em_ldma.o
 .ARM.attributes
                0x000006d2       0x3a ./gecko_sdk_4.3.2/platform/emlib/src/em_system.o
 .ARM.attributes
                0x0000070c       0x3a ./gecko_sdk_4.3.2/platform/emlib/src/em_usart.o
 .ARM.attributes
                0x00000746       0x3a ./gecko_sdk_4.3.2/platform/service/device_init/src/sl_device_init_dcdc_s2.o
 .ARM.attributes
                0x00000780       0x3a ./gecko_sdk_4.3.2/platform/service/device_init/src/sl_device_init_emu_s2.o
 .ARM.attributes
                0x000007ba       0x3a ./gecko_sdk_4.3.2/platform/service/device_init/src/sl_device_init_hfxo_s2.o
 .ARM.attributes
                0x000007f4       0x3a ./gecko_sdk_4.3.2/platform/service/device_init/src/sl_device_init_lfxo_s2.o
 .ARM.attributes
                0x0000082e       0x3a ./gecko_sdk_4.3.2/platform/service/device_init/src/sl_device_init_nvic.o
 .ARM.attributes
                0x00000868       0x3a ./gecko_sdk_4.3.2/platform/service/iostream/src/sl_iostream.o
 .ARM.attributes
                0x000008a2       0x3a ./gecko_sdk_4.3.2/platform/service/iostream/src/sl_iostream_retarget_stdio.o
 .ARM.attributes
                0x000008dc       0x3a ./gecko_sdk_4.3.2/platform/service/iostream/src/sl_iostream_uart.o
 .ARM.attributes
                0x00000916       0x3a ./gecko_sdk_4.3.2/platform/service/iostream/src/sl_iostream_usart.o
 .ARM.attributes
                0x00000950       0x3a ./gecko_sdk_4.3.2/platform/service/system/src/sl_system_init.o
 .ARM.attributes
                0x0000098a       0x3a ./gecko_sdk_4.3.2/platform/service/system/src/sl_system_process_action.o
 .ARM.attributes
                0x000009c4       0x3a ./gecko_sdk_4.3.2/platform/service/udelay/src/sl_udelay.o
 .ARM.attributes
                0x000009fe       0x26 ./gecko_sdk_4.3.2/platform/service/udelay/src/sl_udelay_armv6m_gcc.o
 .ARM.attributes
                0x00000a24       0x3a ./gecko_sdk_4.3.2/util/third_party/printf/printf.o
 .ARM.attributes
                0x00000a5e       0x3a ./gecko_sdk_4.3.2/util/third_party/printf/src/iostream_printf.o
 .ARM.attributes
                0x00000a98       0x3a C:/Users/nateb/SimplicityStudio/SDKs/gecko_sdk//util/third_party/cmsis_dsp/libs/GCC/cortex-m33/libCMSISDSPCommon.a(arm_const_structs.c.o)
 .ARM.attributes
                0x00000ad2       0x3a C:/Users/nateb/SimplicityStudio/SDKs/gecko_sdk//util/third_party/cmsis_dsp/libs/GCC/cortex-m33/libCMSISDSPCommon.a(arm_common_tables.c.o)
 .ARM.attributes
                0x00000b0c       0x38 C:/Users/nateb/SimplicityStudio/SDKs/gecko_sdk//util/third_party/cmsis_dsp/libs/GCC/cortex-m33/libCMSISDSPComplexMath.a(arm_cmplx_mag_f32.c.o)
 .ARM.attributes
                0x00000b44       0x38 C:/Users/nateb/SimplicityStudio/SDKs/gecko_sdk//util/third_party/cmsis_dsp/libs/GCC/cortex-m33/libCMSISDSPTransform.a(arm_cfft_f32.c.o)
 .ARM.attributes
                0x00000b7c       0x38 C:/Users/nateb/SimplicityStudio/SDKs/gecko_sdk//util/third_party/cmsis_dsp/libs/GCC/cortex-m33/libCMSISDSPTransform.a(arm_bitreversal2.c.o)
 .ARM.attributes
                0x00000bb4       0x38 C:/Users/nateb/SimplicityStudio/SDKs/gecko_sdk//util/third_party/cmsis_dsp/libs/GCC/cortex-m33/libCMSISDSPTransform.a(arm_cfft_radix8_f32.c.o)
 .ARM.attributes
                0x00000bec       0x22 c:/siliconlabs/simplicitystudio/v5/developer/toolchains/gnu_arm/10.3_2021.10/bin/../lib/gcc/arm-none-eabi/10.3.1/thumb/v8-m.main+fp/hard\libgcc.a(_arm_addsubdf3.o)
 .ARM.attributes
                0x00000c0e       0x22 c:/siliconlabs/simplicitystudio/v5/developer/toolchains/gnu_arm/10.3_2021.10/bin/../lib/gcc/arm-none-eabi/10.3.1/thumb/v8-m.main+fp/hard\libgcc.a(_arm_muldivdf3.o)
 .ARM.attributes
                0x00000c30       0x22 c:/siliconlabs/simplicitystudio/v5/developer/toolchains/gnu_arm/10.3_2021.10/bin/../lib/gcc/arm-none-eabi/10.3.1/thumb/v8-m.main+fp/hard\libgcc.a(_arm_cmpdf2.o)
 .ARM.attributes
                0x00000c52       0x22 c:/siliconlabs/simplicitystudio/v5/developer/toolchains/gnu_arm/10.3_2021.10/bin/../lib/gcc/arm-none-eabi/10.3.1/thumb/v8-m.main+fp/hard\libgcc.a(_arm_fixdfsi.o)
 .ARM.attributes
                0x00000c74       0x22 c:/siliconlabs/simplicitystudio/v5/developer/toolchains/gnu_arm/10.3_2021.10/bin/../lib/gcc/arm-none-eabi/10.3.1/thumb/v8-m.main+fp/hard\libgcc.a(_arm_fixunsdfsi.o)
 .ARM.attributes
                0x00000c96       0x22 c:/siliconlabs/simplicitystudio/v5/developer/toolchains/gnu_arm/10.3_2021.10/bin/../lib/gcc/arm-none-eabi/10.3.1/thumb/v8-m.main+fp/hard\libgcc.a(_arm_truncdfsf2.o)
 .ARM.attributes
                0x00000cb8       0x22 c:/siliconlabs/simplicitystudio/v5/developer/toolchains/gnu_arm/10.3_2021.10/bin/../lib/gcc/arm-none-eabi/10.3.1/thumb/v8-m.main+fp/hard\libgcc.a(_aeabi_uldivmod.o)
 .ARM.attributes
                0x00000cda       0x38 c:/siliconlabs/simplicitystudio/v5/developer/toolchains/gnu_arm/10.3_2021.10/bin/../lib/gcc/arm-none-eabi/10.3.1/thumb/v8-m.main+fp/hard\libgcc.a(_udivmoddi4.o)
 .ARM.attributes
                0x00000d12       0x22 c:/siliconlabs/simplicitystudio/v5/developer/toolchains/gnu_arm/10.3_2021.10/bin/../lib/gcc/arm-none-eabi/10.3.1/thumb/v8-m.main+fp/hard\libgcc.a(_dvmd_tls.o)
 .ARM.attributes
                0x00000d34       0x38 c:/siliconlabs/simplicitystudio/v5/developer/toolchains/gnu_arm/10.3_2021.10/bin/../lib/gcc/arm-none-eabi/10.3.1/../../../../arm-none-eabi/lib/thumb/v8-m.main+fp/hard\libc_nano.a(lib_a-exit.o)
 .ARM.attributes
                0x00000d6c       0x38 c:/siliconlabs/simplicitystudio/v5/developer/toolchains/gnu_arm/10.3_2021.10/bin/../lib/gcc/arm-none-eabi/10.3.1/../../../../arm-none-eabi/lib/thumb/v8-m.main+fp/hard\libc_nano.a(lib_a-impure.o)
 .ARM.attributes
                0x00000da4       0x38 c:/siliconlabs/simplicitystudio/v5/developer/toolchains/gnu_arm/10.3_2021.10/bin/../lib/gcc/arm-none-eabi/10.3.1/../../../../arm-none-eabi/lib/thumb/v8-m.main+fp/hard\libc_nano.a(lib_a-init.o)
 .ARM.attributes
                0x00000ddc       0x38 c:/siliconlabs/simplicitystudio/v5/developer/toolchains/gnu_arm/10.3_2021.10/bin/../lib/gcc/arm-none-eabi/10.3.1/../../../../arm-none-eabi/lib/thumb/v8-m.main+fp/hard\libc_nano.a(lib_a-memcpy-stub.o)
 .ARM.attributes
                0x00000e14       0x38 c:/siliconlabs/simplicitystudio/v5/developer/toolchains/gnu_arm/10.3_2021.10/bin/../lib/gcc/arm-none-eabi/10.3.1/../../../../arm-none-eabi/lib/thumb/v8-m.main+fp/hard\libc_nano.a(lib_a-memset.o)
 .ARM.attributes
                0x00000e4c       0x38 c:/siliconlabs/simplicitystudio/v5/developer/toolchains/gnu_arm/10.3_2021.10/bin/../lib/gcc/arm-none-eabi/10.3.1/../../../../arm-none-eabi/lib/thumb/v8-m.main+fp/hard\libm.a(lib_a-s_cos.o)
 .ARM.attributes
                0x00000e84       0x38 c:/siliconlabs/simplicitystudio/v5/developer/toolchains/gnu_arm/10.3_2021.10/bin/../lib/gcc/arm-none-eabi/10.3.1/../../../../arm-none-eabi/lib/thumb/v8-m.main+fp/hard\libm.a(lib_a-wf_log10.o)
 .ARM.attributes
                0x00000ebc       0x38 c:/siliconlabs/simplicitystudio/v5/developer/toolchains/gnu_arm/10.3_2021.10/bin/../lib/gcc/arm-none-eabi/10.3.1/../../../../arm-none-eabi/lib/thumb/v8-m.main+fp/hard\libm.a(lib_a-e_rem_pio2.o)
 .ARM.attributes
                0x00000ef4       0x38 c:/siliconlabs/simplicitystudio/v5/developer/toolchains/gnu_arm/10.3_2021.10/bin/../lib/gcc/arm-none-eabi/10.3.1/../../../../arm-none-eabi/lib/thumb/v8-m.main+fp/hard\libm.a(lib_a-ef_log10.o)
 .ARM.attributes
                0x00000f2c       0x38 c:/siliconlabs/simplicitystudio/v5/developer/toolchains/gnu_arm/10.3_2021.10/bin/../lib/gcc/arm-none-eabi/10.3.1/../../../../arm-none-eabi/lib/thumb/v8-m.main+fp/hard\libm.a(lib_a-k_cos.o)
 .ARM.attributes
                0x00000f64       0x38 c:/siliconlabs/simplicitystudio/v5/developer/toolchains/gnu_arm/10.3_2021.10/bin/../lib/gcc/arm-none-eabi/10.3.1/../../../../arm-none-eabi/lib/thumb/v8-m.main+fp/hard\libm.a(lib_a-k_rem_pio2.o)
 .ARM.attributes
                0x00000f9c       0x38 c:/siliconlabs/simplicitystudio/v5/developer/toolchains/gnu_arm/10.3_2021.10/bin/../lib/gcc/arm-none-eabi/10.3.1/../../../../arm-none-eabi/lib/thumb/v8-m.main+fp/hard\libm.a(lib_a-k_sin.o)
 .ARM.attributes
                0x00000fd4       0x38 c:/siliconlabs/simplicitystudio/v5/developer/toolchains/gnu_arm/10.3_2021.10/bin/../lib/gcc/arm-none-eabi/10.3.1/../../../../arm-none-eabi/lib/thumb/v8-m.main+fp/hard\libm.a(lib_a-s_fabs.o)
 .ARM.attributes
                0x0000100c       0x38 c:/siliconlabs/simplicitystudio/v5/developer/toolchains/gnu_arm/10.3_2021.10/bin/../lib/gcc/arm-none-eabi/10.3.1/../../../../arm-none-eabi/lib/thumb/v8-m.main+fp/hard\libm.a(lib_a-s_floor.o)
 .ARM.attributes
                0x00001044       0x38 c:/siliconlabs/simplicitystudio/v5/developer/toolchains/gnu_arm/10.3_2021.10/bin/../lib/gcc/arm-none-eabi/10.3.1/../../../../arm-none-eabi/lib/thumb/v8-m.main+fp/hard\libm.a(lib_a-s_scalbn.o)
 .ARM.attributes
                0x0000107c       0x38 c:/siliconlabs/simplicitystudio/v5/developer/toolchains/gnu_arm/10.3_2021.10/bin/../lib/gcc/arm-none-eabi/10.3.1/../../../../arm-none-eabi/lib/thumb/v8-m.main+fp/hard\libm.a(lib_a-sf_nan.o)
 .ARM.attributes
                0x000010b4       0x38 c:/siliconlabs/simplicitystudio/v5/developer/toolchains/gnu_arm/10.3_2021.10/bin/../lib/gcc/arm-none-eabi/10.3.1/../../../../arm-none-eabi/lib/thumb/v8-m.main+fp/hard\libm.a(lib_a-ef_log.o)
 .ARM.attributes
                0x000010ec       0x38 c:/siliconlabs/simplicitystudio/v5/developer/toolchains/gnu_arm/10.3_2021.10/bin/../lib/gcc/arm-none-eabi/10.3.1/../../../../arm-none-eabi/lib/thumb/v8-m.main+fp/hard\libc_nano.a(lib_a-errno.o)
 .ARM.attributes
                0x00001124       0x22 c:/siliconlabs/simplicitystudio/v5/developer/toolchains/gnu_arm/10.3_2021.10/bin/../lib/gcc/arm-none-eabi/10.3.1/thumb/v8-m.main+fp/hard/crtn.o

.comment        0x00000000       0x96
 .comment       0x00000000       0x49 ./adc.o
                                 0x4a (size before relaxing)
 .comment       0x00000049       0x4a ./app.o
 .comment       0x00000049       0x4a ./hardware.o
 .comment       0x00000049       0x4a ./main.o
 .comment       0x00000049       0x4a ./mcp4162.o
 .comment       0x00000049       0x4a ./ssd1306.o
 .comment       0x00000049       0x4a ./autogen/sl_board_default_init.o
 .comment       0x00000049       0x4a ./autogen/sl_device_init_clocks.o
 .comment       0x00000049       0x4a ./autogen/sl_event_handler.o
 .comment       0x00000049       0x4a ./autogen/sl_i2cspm_init.o
 .comment       0x00000049       0x4a ./autogen/sl_iostream_init_usart_instances.o
 .comment       0x00000049       0x4a ./gecko_sdk_4.3.2/hardware/board/src/sl_board_control_gpio.o
 .comment       0x00000049       0x4a ./gecko_sdk_4.3.2/hardware/board/src/sl_board_init.o
 .comment       0x00000049       0x4a ./gecko_sdk_4.3.2/hardware/driver/configuration_over_swo/src/sl_cos.o
 .comment       0x00000049       0x4a ./gecko_sdk_4.3.2/platform/Device/SiliconLabs/EFR32BG22/Source/startup_efr32bg22.o
 .comment       0x00000049       0x4a ./gecko_sdk_4.3.2/platform/Device/SiliconLabs/EFR32BG22/Source/system_efr32bg22.o
 .comment       0x00000049       0x4a ./gecko_sdk_4.3.2/platform/common/src/sl_assert.o
 .comment       0x00000049       0x4a ./gecko_sdk_4.3.2/platform/common/toolchain/src/sl_memory.o
 .comment       0x00000049       0x4a ./gecko_sdk_4.3.2/platform/driver/debug/src/sl_debug_swo.o
 .comment       0x00000049       0x4a ./gecko_sdk_4.3.2/platform/driver/i2cspm/src/sl_i2cspm.o
 .comment       0x00000049       0x4a ./gecko_sdk_4.3.2/platform/emdrv/dmadrv/src/dmadrv.o
 .comment       0x00000049       0x4a ./gecko_sdk_4.3.2/platform/emlib/src/em_cmu.o
 .comment       0x00000049       0x4a ./gecko_sdk_4.3.2/platform/emlib/src/em_core.o
 .comment       0x00000049       0x4a ./gecko_sdk_4.3.2/platform/emlib/src/em_emu.o
 .comment       0x00000049       0x4a ./gecko_sdk_4.3.2/platform/emlib/src/em_gpio.o
 .comment       0x00000049       0x4a ./gecko_sdk_4.3.2/platform/emlib/src/em_i2c.o
 .comment       0x00000049       0x4a ./gecko_sdk_4.3.2/platform/emlib/src/em_iadc.o
 .comment       0x00000049       0x4a ./gecko_sdk_4.3.2/platform/emlib/src/em_ldma.o
 .comment       0x00000049       0x4a ./gecko_sdk_4.3.2/platform/emlib/src/em_system.o
 .comment       0x00000049       0x4a ./gecko_sdk_4.3.2/platform/emlib/src/em_usart.o
 .comment       0x00000049       0x4a ./gecko_sdk_4.3.2/platform/service/device_init/src/sl_device_init_dcdc_s2.o
 .comment       0x00000049       0x4a ./gecko_sdk_4.3.2/platform/service/device_init/src/sl_device_init_emu_s2.o
 .comment       0x00000049       0x4a ./gecko_sdk_4.3.2/platform/service/device_init/src/sl_device_init_hfxo_s2.o
 .comment       0x00000049       0x4a ./gecko_sdk_4.3.2/platform/service/device_init/src/sl_device_init_lfxo_s2.o
 .comment       0x00000049       0x4a ./gecko_sdk_4.3.2/platform/service/device_init/src/sl_device_init_nvic.o
 .comment       0x00000049       0x4a ./gecko_sdk_4.3.2/platform/service/iostream/src/sl_iostream.o
 .comment       0x00000049       0x4a ./gecko_sdk_4.3.2/platform/service/iostream/src/sl_iostream_retarget_stdio.o
 .comment       0x00000049       0x4a ./gecko_sdk_4.3.2/platform/service/iostream/src/sl_iostream_uart.o
 .comment       0x00000049       0x4a ./gecko_sdk_4.3.2/platform/service/iostream/src/sl_iostream_usart.o
 .comment       0x00000049       0x4a ./gecko_sdk_4.3.2/platform/service/system/src/sl_system_init.o
 .comment       0x00000049       0x4a ./gecko_sdk_4.3.2/platform/service/system/src/sl_system_process_action.o
 .comment       0x00000049       0x4a ./gecko_sdk_4.3.2/platform/service/udelay/src/sl_udelay.o
 .comment       0x00000049       0x4a ./gecko_sdk_4.3.2/util/third_party/printf/printf.o
 .comment       0x00000049       0x4a ./gecko_sdk_4.3.2/util/third_party/printf/src/iostream_printf.o
 .comment       0x00000049       0x4d C:/Users/nateb/SimplicityStudio/SDKs/gecko_sdk//util/third_party/cmsis_dsp/libs/GCC/cortex-m33/libCMSISDSPCommon.a(arm_const_structs.c.o)
                                 0x4e (size before relaxing)
 .comment       0x00000096       0x4e C:/Users/nateb/SimplicityStudio/SDKs/gecko_sdk//util/third_party/cmsis_dsp/libs/GCC/cortex-m33/libCMSISDSPCommon.a(arm_common_tables.c.o)
 .comment       0x00000096       0x4e C:/Users/nateb/SimplicityStudio/SDKs/gecko_sdk//util/third_party/cmsis_dsp/libs/GCC/cortex-m33/libCMSISDSPComplexMath.a(arm_cmplx_mag_f32.c.o)
 .comment       0x00000096       0x4e C:/Users/nateb/SimplicityStudio/SDKs/gecko_sdk//util/third_party/cmsis_dsp/libs/GCC/cortex-m33/libCMSISDSPTransform.a(arm_cfft_f32.c.o)
 .comment       0x00000096       0x4e C:/Users/nateb/SimplicityStudio/SDKs/gecko_sdk//util/third_party/cmsis_dsp/libs/GCC/cortex-m33/libCMSISDSPTransform.a(arm_bitreversal2.c.o)
 .comment       0x00000096       0x4e C:/Users/nateb/SimplicityStudio/SDKs/gecko_sdk//util/third_party/cmsis_dsp/libs/GCC/cortex-m33/libCMSISDSPTransform.a(arm_cfft_radix8_f32.c.o)

.debug_info     0x00000000    0x3aef3
 .debug_info    0x00000000     0x2774 ./adc.o
 .debug_info    0x00002774     0x27c0 ./app.o
 .debug_info    0x00004f34     0x2908 ./hardware.o
 .debug_info    0x0000783c       0xad ./main.o
 .debug_info    0x000078e9     0x203f ./mcp4162.o
 .debug_info    0x00009928      0xf10 ./ssd1306.o
 .debug_info    0x0000a838       0xa3 ./autogen/sl_board_default_init.o
 .debug_info    0x0000a8db     0x11f5 ./autogen/sl_device_init_clocks.o
 .debug_info    0x0000bad0      0xf33 ./autogen/sl_event_handler.o
 .debug_info    0x0000ca03      0x84d ./autogen/sl_i2cspm_init.o
 .debug_info    0x0000d250     0x177a ./autogen/sl_iostream_init_usart_instances.o
 .debug_info    0x0000e9ca      0x3a4 ./gecko_sdk_4.3.2/hardware/board/src/sl_board_control_gpio.o
 .debug_info    0x0000ed6e      0x284 ./gecko_sdk_4.3.2/hardware/board/src/sl_board_init.o
 .debug_info    0x0000eff2      0x404 ./gecko_sdk_4.3.2/hardware/driver/configuration_over_swo/src/sl_cos.o
 .debug_info    0x0000f3f6      0x327 ./gecko_sdk_4.3.2/platform/Device/SiliconLabs/EFR32BG22/Source/startup_efr32bg22.o
 .debug_info    0x0000f71d     0x1fc0 ./gecko_sdk_4.3.2/platform/Device/SiliconLabs/EFR32BG22/Source/system_efr32bg22.o
 .debug_info    0x000116dd       0x86 ./gecko_sdk_4.3.2/platform/common/src/sl_assert.o
 .debug_info    0x00011763      0x205 ./gecko_sdk_4.3.2/platform/common/toolchain/src/sl_memory.o
 .debug_info    0x00011968     0x20ce ./gecko_sdk_4.3.2/platform/driver/debug/src/sl_debug_swo.o
 .debug_info    0x00013a36     0x1d4b ./gecko_sdk_4.3.2/platform/driver/i2cspm/src/sl_i2cspm.o
 .debug_info    0x00015781     0x1e6d ./gecko_sdk_4.3.2/platform/emdrv/dmadrv/src/dmadrv.o
 .debug_info    0x000175ee     0x7820 ./gecko_sdk_4.3.2/platform/emlib/src/em_cmu.o
 .debug_info    0x0001ee0e     0x1398 ./gecko_sdk_4.3.2/platform/emlib/src/em_core.o
 .debug_info    0x000201a6     0x3ada ./gecko_sdk_4.3.2/platform/emlib/src/em_emu.o
 .debug_info    0x00023c80     0x2182 ./gecko_sdk_4.3.2/platform/emlib/src/em_gpio.o
 .debug_info    0x00025e02     0x1368 ./gecko_sdk_4.3.2/platform/emlib/src/em_i2c.o
 .debug_info    0x0002716a     0x296b ./gecko_sdk_4.3.2/platform/emlib/src/em_iadc.o
 .debug_info    0x00029ad5     0x1ee3 ./gecko_sdk_4.3.2/platform/emlib/src/em_ldma.o
 .debug_info    0x0002b9b8     0x1b6a ./gecko_sdk_4.3.2/platform/emlib/src/em_system.o
 .debug_info    0x0002d522     0x403b ./gecko_sdk_4.3.2/platform/emlib/src/em_usart.o
 .debug_info    0x0003155d      0x2b5 ./gecko_sdk_4.3.2/platform/service/device_init/src/sl_device_init_dcdc_s2.o
 .debug_info    0x00031812      0x9a7 ./gecko_sdk_4.3.2/platform/service/device_init/src/sl_device_init_emu_s2.o
 .debug_info    0x000321b9      0x863 ./gecko_sdk_4.3.2/platform/service/device_init/src/sl_device_init_hfxo_s2.o